[
    {
        "@timestamp": [
            "2017-05-30T18:53:41.364Z"
        ],
        "agent.activation_method": [
            "some_activation_method"
        ],
        "agent.name": [
            "elastic-node"
        ],
        "agent.version": [
            "3.14.0"
        ],
        "data_stream.dataset": [
            "apm.app.1234_service_12a3"
        ],
        "data_stream.namespace": [
            "default"
        ],
        "data_stream.type": [
            "metrics"
        ],
        "go.memstats.heap.sys.bytes": [
            6520832
        ],
        "host.ip": [
            "127.0.0.1"
        ],
        "labels.tag1": [
            "one"
        ],
        "metricset.name": [
            "app"
        ],
        "numeric_labels.tag2": [
            2
        ],
        "observer.hostname": [
            "dynamic"
        ],
        "observer.type": [
            "apm-server"
        ],
        "observer.version": [
            "dynamic"
        ],
        "process.pid": [
            1234
        ],
        "processor.event": [
            "metric"
        ],
        "service.language.name": [
            "ecmascript"
        ],
        "service.name": [
            "1234_service-12a3"
        ],
        "service.node.name": [
            "node-1"
        ],
        "user.email": [
            "user@mail.com"
        ],
        "user.id": [
            "axb123hg"
        ],
        "user.name": [
            "logged-in-user"
        ],
        "user.name.text": [
            "logged-in-user"
        ]
    },
    {
        "@timestamp": [
            "2017-05-30T18:53:41.366Z"
        ],
        "agent.activation_method": [
            "some_activation_method"
        ],
        "agent.name": [
            "elastic-node"
        ],
        "agent.version": [
            "3.14.0"
        ],
        "data_stream.dataset": [
            "apm.internal"
        ],
        "data_stream.namespace": [
            "default"
        ],
        "data_stream.type": [
            "metrics"
        ],
        "host.ip": [
            "127.0.0.1"
        ],
        "labels.tag1": [
            "one"
        ],
        "metricset.name": [
            "app"
        ],
        "numeric_labels.tag2": [
            2
        ],
        "observer.hostname": [
            "dynamic"
        ],
        "observer.type": [
            "apm-server"
        ],
        "observer.version": [
            "dynamic"
        ],
        "process.pid": [
            1234
        ],
        "processor.event": [
            "metric"
        ],
        "service.language.name": [
            "ecmascript"
        ],
        "service.name": [
            "1234_service-12a3"
        ],
        "service.node.name": [
            "node-1"
        ],
        "system.process.cgroup.memory.mem.limit.bytes": [
            2048
        ],
        "system.process.cgroup.memory.mem.usage.bytes": [
            1024
        ],
        "user.email": [
            "user@mail.com"
        ],
        "user.id": [
            "axb123hg"
        ],
        "user.name": [
            "logged-in-user"
        ],
        "user.name.text": [
            "logged-in-user"
        ]
    },
    {
        "@timestamp": [
            "2017-05-30T18:53:41.367Z"
        ],
        "agent.activation_method": [
            "some_activation_method"
        ],
        "agent.name": [
            "elastic-node"
        ],
        "agent.version": [
            "3.14.0"
        ],
        "data_stream.dataset": [
            "apm.app.1234_service_12a3"
        ],
        "data_stream.namespace": [
            "default"
        ],
        "data_stream.type": [
            "metrics"
        ],
        "host.ip": [
            "127.0.0.1"
        ],
        "labels.tag1": [
            "one"
        ],
        "metricset.name": [
            "app"
        ],
        "numeric_labels.tag2": [
            2
        ],
        "observer.hostname": [
            "dynamic"
        ],
        "observer.type": [
            "apm-server"
        ],
        "observer.version": [
            "dynamic"
        ],
        "process.pid": [
            1234
        ],
        "processor.event": [
            "metric"
        ],
        "service.language.name": [
            "ecmascript"
        ],
        "service.name": [
            "1234_service-12a3"
        ],
        "service.node.name": [
            "node-1"
        ],
        "system.process.cgroup.cpu.cfs.period.us": [
            1024
        ],
        "system.process.cgroup.cpu.cfs.quota.us": [
            2048
        ],
        "system.process.cgroup.cpu.id": [
            2048
        ],
        "system.process.cgroup.cpu.stats.periods": [
            2048
        ],
        "system.process.cgroup.cpu.stats.throttled.ns": [
            2048
        ],
        "system.process.cgroup.cpu.stats.throttled.periods": [
            2048
        ],
        "system.process.cgroup.cpuacct.id": [
            2048
        ],
        "system.process.cgroup.cpuacct.total.ns": [
            2048
        ],
        "user.email": [
            "user@mail.com"
        ],
        "user.id": [
            "axb123hg"
        ],
        "user.name": [
            "logged-in-user"
        ],
        "user.name.text": [
            "logged-in-user"
        ]
    },
    {
        "@timestamp": [
            "2017-05-30T18:53:41.368Z"
        ],
        "agent.activation_method": [
            "some_activation_method"
        ],
        "agent.name": [
            "elastic-node"
        ],
        "agent.version": [
            "3.14.0"
        ],
        "data_stream.dataset": [
            "apm.app.1234_service_12a3"
        ],
        "data_stream.namespace": [
            "default"
        ],
        "data_stream.type": [
            "metrics"
        ],
        "host.ip": [
            "127.0.0.1"
        ],
        "labels.tag1": [
            "one"
        ],
        "latency_distribution": [
            {
                "counts": [
                    1,
                    2,
                    3
                ],
                "values": [
                    1.1,
                    2.2,
                    3.3
                ]
            }
        ],
        "metricset.name": [
            "app"
        ],
        "numeric_labels.tag2": [
            2
        ],
        "observer.hostname": [
            "dynamic"
        ],
        "observer.type": [
            "apm-server"
        ],
        "observer.version": [
            "dynamic"
        ],
        "process.pid": [
            1234
        ],
        "processor.event": [
            "metric"
        ],
        "service.language.name": [
            "ecmascript"
        ],
        "service.name": [
            "1234_service-12a3"
        ],
        "service.node.name": [
            "node-1"
        ],
        "user.email": [
            "user@mail.com"
        ],
        "user.id": [
            "axb123hg"
        ],
        "user.name": [
            "logged-in-user"
        ],
        "user.name.text": [
            "logged-in-user"
        ]
    },
    {
        "@timestamp": [
            "2017-05-30T18:53:41.369Z"
        ],
        "agent.activation_method": [
            "some_activation_method"
        ],
        "agent.name": [
            "elastic-node"
        ],
        "agent.version": [
            "3.14.0"
        ],
        "data_stream.dataset": [
            "apm.internal"
        ],
        "data_stream.namespace": [
            "default"
        ],
        "data_stream.type": [
            "metrics"
        ],
        "faas.billed_duration": [
            183
        ],
        "faas.coldstart": [
            true
        ],
        "faas.coldstart_duration": [
            422.97
        ],
        "faas.duration": [
            182.43
        ],
        "faas.execution": [
            "6f7f0961f83442118a7af6fe80b88d56"
        ],
        "faas.id": [
            "arn:aws:lambda:us-east-2:123456789012:function:custom-runtime"
        ],
        "faas.timeout": [
            5000
        ],
        "host.ip": [
            "127.0.0.1"
        ],
        "labels.tag1": [
            "one"
        ],
        "metricset.name": [
            "app"
        ],
        "numeric_labels.tag2": [
            2
        ],
        "observer.hostname": [
            "dynamic"
        ],
        "observer.type": [
            "apm-server"
        ],
        "observer.version": [
            "dynamic"
        ],
        "process.pid": [
            1234
        ],
        "processor.event": [
            "metric"
        ],
        "service.language.name": [
            "ecmascript"
        ],
        "service.name": [
            "1234_service-12a3"
        ],
        "service.node.name": [
            "node-1"
        ],
        "system.memory.actual.free": [
            54525952
        ],
        "system.memory.total": [
            134217728
        ],
        "user.email": [
            "user@mail.com"
        ],
        "user.id": [
            "axb123hg"
        ],
        "user.name": [
            "logged-in-user"
        ],
        "user.name.text": [
            "logged-in-user"
        ]
    },
    {
        "@timestamp": [
            "2017-05-30T18:53:42.281Z"
        ],
        "agent.activation_method": [
            "some_activation_method"
        ],
        "agent.name": [
            "elastic-node"
        ],
        "agent.version": [
            "3.14.0"
        ],
        "data_stream.dataset": [
            "apm.internal"
        ],
        "data_stream.namespace": [
            "default"
        ],
        "data_stream.type": [
            "metrics"
        ],
        "host.ip": [
            "127.0.0.1"
        ],
        "labels.some": [
            "abc"
        ],
        "labels.success": [
            "true"
        ],
        "labels.tag1": [
            "one"
        ],
        "metricset.name": [
            "span_breakdown"
        ],
        "numeric_labels.code": [
            200
        ],
        "numeric_labels.tag2": [
            2
        ],
        "observer.hostname": [
            "dynamic"
        ],
        "observer.type": [
            "apm-server"
        ],
        "observer.version": [
            "dynamic"
        ],
        "process.pid": [
            1234
        ],
        "processor.event": [
            "metric"
        ],
        "service.language.name": [
            "ecmascript"
        ],
        "service.name": [
            "1234_service-12a3"
        ],
        "service.node.name": [
            "node-1"
        ],
        "span.self_time.count": [
            1
        ],
        "span.self_time.sum.us": [
            633
        ],
        "span.subtype": [
            "mysql"
        ],
        "span.type": [
            "db"
        ],
        "transaction.name": [
            "GET /"
        ],
        "transaction.type": [
            "request"
        ],
        "user.email": [
            "user@mail.com"
        ],
        "user.id": [
            "axb123hg"
        ],
        "user.name": [
            "logged-in-user"
        ],
        "user.name.text": [
            "logged-in-user"
        ]
    }
]
