[
    {
        "@timestamp": [
            "2017-05-30T18:53:27.154Z"
        ],
        "agent.activation_method": [
            "some_activation_method"
        ],
        "agent.name": [
            "elastic-node"
        ],
        "agent.version": [
            "3.14.0"
        ],
        "cloud.account.id": [
            "account_id"
        ],
        "cloud.account.name": [
            "account_name"
        ],
        "cloud.availability_zone": [
            "cloud_availability_zone"
        ],
        "cloud.instance.id": [
            "instance_id"
        ],
        "cloud.instance.name": [
            "instance_name"
        ],
        "cloud.machine.type": [
            "machine_type"
        ],
        "cloud.project.id": [
            "project_id"
        ],
        "cloud.project.name": [
            "project_name"
        ],
        "cloud.provider": [
            "cloud_provider"
        ],
        "cloud.region": [
            "cloud_region"
        ],
        "cloud.service.name": [
            "lambda"
        ],
        "container.id": [
            "container-id"
        ],
        "data_stream.dataset": [
            "apm"
        ],
        "data_stream.namespace": [
            "default"
        ],
        "data_stream.type": [
            "traces"
        ],
        "event.outcome": [
            "unknown"
        ],
        "host.architecture": [
            "x64"
        ],
        "host.hostname": [
            "node-name"
        ],
        "host.ip": [
            "127.0.0.1"
        ],
        "host.name": [
            "node-name"
        ],
        "host.os.platform": [
            "darwin"
        ],
        "kubernetes.namespace": [
            "namespace1"
        ],
        "kubernetes.node.name": [
            "node-name"
        ],
        "kubernetes.pod.name": [
            "pod-name"
        ],
        "kubernetes.pod.uid": [
            "pod-uid"
        ],
        "labels.tag1": [
            "one"
        ],
        "numeric_labels.tag2": [
            2
        ],
        "observer.hostname": [
            "dynamic"
        ],
        "observer.type": [
            "apm-server"
        ],
        "observer.version": [
            "dynamic"
        ],
        "parent.id": [
            "abcdefabcdef01234567"
        ],
        "process.args": [
            "node",
            "server.js"
        ],
        "process.parent.pid": [
            6789
        ],
        "process.pid": [
            1234
        ],
        "process.title": [
            "node"
        ],
        "process.title.text": [
            "node"
        ],
        "processor.event": [
            "transaction"
        ],
        "service.environment": [
            "staging"
        ],
        "service.framework.name": [
            "Express"
        ],
        "service.framework.version": [
            "1.2.3"
        ],
        "service.language.name": [
            "ecmascript"
        ],
        "service.language.version": [
            "8"
        ],
        "service.name": [
            "1234_service-12a3"
        ],
        "service.node.name": [
            "node-123"
        ],
        "service.runtime.name": [
            "node"
        ],
        "service.runtime.version": [
            "8.0.0"
        ],
        "service.version": [
            "5.1.3"
        ],
        "session.id": [
            "sunday"
        ],
        "session.sequence": [
            123
        ],
        "span.id": [
            "00xxxxFFaaaa1234"
        ],
        "timestamp.us": [
            1496170407154000
        ],
        "trace.id": [
            "0123456789abcdef0123456789abcdef"
        ],
        "transaction.duration.us": [
            3000
        ],
        "transaction.id": [
            "00xxxxFFaaaa1234"
        ],
        "transaction.message.age.ms": [
            1577958057123
        ],
        "transaction.message.body": [
            "user created"
        ],
        "transaction.message.headers.Involved_services": [
            "user",
            "auth"
        ],
        "transaction.message.headers.User_id": [
            "1ax3"
        ],
        "transaction.message.queue.name": [
            "new_users"
        ],
        "transaction.message.routing_key": [
            "user-created-transaction"
        ],
        "transaction.name": [
            "amqp receive"
        ],
        "transaction.name.text": [
            "amqp receive"
        ],
        "transaction.representative_count": [
            1
        ],
        "transaction.sampled": [
            true
        ],
        "transaction.span_count.started": [
            1
        ],
        "transaction.type": [
            "messaging"
        ],
        "user.email": [
            "bar@user.com"
        ],
        "user.id": [
            "123user"
        ],
        "user.name": [
            "bar"
        ],
        "user.name.text": [
            "bar"
        ]
    },
    {
        "@timestamp": [
            "2017-05-30T18:53:27.154Z"
        ],
        "agent.activation_method": [
            "some_activation_method"
        ],
        "agent.name": [
            "elastic-node"
        ],
        "agent.version": [
            "3.14.0"
        ],
        "cloud.account.id": [
            "account_id"
        ],
        "cloud.account.name": [
            "account_name"
        ],
        "cloud.availability_zone": [
            "cloud_availability_zone"
        ],
        "cloud.instance.id": [
            "instance_id"
        ],
        "cloud.instance.name": [
            "instance_name"
        ],
        "cloud.machine.type": [
            "machine_type"
        ],
        "cloud.project.id": [
            "project_id"
        ],
        "cloud.project.name": [
            "project_name"
        ],
        "cloud.provider": [
            "cloud_provider"
        ],
        "cloud.region": [
            "cloud_region"
        ],
        "cloud.service.name": [
            "lambda"
        ],
        "container.id": [
            "container-id"
        ],
        "data_stream.dataset": [
            "apm"
        ],
        "data_stream.namespace": [
            "default"
        ],
        "data_stream.type": [
            "traces"
        ],
        "event.outcome": [
            "success"
        ],
        "event.success_count": [
            1
        ],
        "host.architecture": [
            "x64"
        ],
        "host.hostname": [
            "node-name"
        ],
        "host.ip": [
            "127.0.0.1"
        ],
        "host.name": [
            "node-name"
        ],
        "host.os.platform": [
            "darwin"
        ],
        "kubernetes.namespace": [
            "namespace1"
        ],
        "kubernetes.node.name": [
            "node-name"
        ],
        "kubernetes.pod.name": [
            "pod-name"
        ],
        "kubernetes.pod.uid": [
            "pod-uid"
        ],
        "labels.tag1": [
            "one"
        ],
        "numeric_labels.tag2": [
            2
        ],
        "observer.hostname": [
            "dynamic"
        ],
        "observer.type": [
            "apm-server"
        ],
        "observer.version": [
            "dynamic"
        ],
        "parent.id": [
            "abcdefabcdef01234567"
        ],
        "process.args": [
            "node",
            "server.js"
        ],
        "process.parent.pid": [
            6789
        ],
        "process.pid": [
            1234
        ],
        "process.title": [
            "node"
        ],
        "process.title.text": [
            "node"
        ],
        "processor.event": [
            "transaction"
        ],
        "service.environment": [
            "staging"
        ],
        "service.framework.name": [
            "Express"
        ],
        "service.framework.version": [
            "1.2.3"
        ],
        "service.language.name": [
            "ecmascript"
        ],
        "service.language.version": [
            "8"
        ],
        "service.name": [
            "1234_service-12a3"
        ],
        "service.node.name": [
            "node-123"
        ],
        "service.runtime.name": [
            "node"
        ],
        "service.runtime.version": [
            "8.0.0"
        ],
        "service.version": [
            "5.1.3"
        ],
        "span.id": [
            "945254c567a5417e"
        ],
        "span.kind": [
            "SERVER"
        ],
        "timestamp.us": [
            1496170407154000
        ],
        "trace.id": [
            "0123456789abcdef0123456789abcdef"
        ],
        "transaction.duration.us": [
            32592
        ],
        "transaction.id": [
            "945254c567a5417e"
        ],
        "transaction.profiler_stack_trace_ids": [
            "foo",
            "bar",
            "foo"
        ],
        "transaction.representative_count": [
            1
        ],
        "transaction.result": [
            "Success"
        ],
        "transaction.sampled": [
            true
        ],
        "transaction.span_count.started": [
            43
        ],
        "transaction.type": [
            "request"
        ],
        "user.email": [
            "bar@user.com"
        ],
        "user.id": [
            "123user"
        ],
        "user.name": [
            "bar"
        ],
        "user.name.text": [
            "bar"
        ]
    },
    {
        "@timestamp": [
            "2017-05-30T18:53:27.154Z"
        ],
        "agent.activation_method": [
            "some_activation_method"
        ],
        "agent.name": [
            "elastic-node"
        ],
        "agent.version": [
            "3.14.0"
        ],
        "client.geo.continent_name": [
            "North America"
        ],
        "client.geo.country_iso_code": [
            "US"
        ],
        "client.geo.country_name": [
            "United States"
        ],
        "client.geo.location": [
            "dynamic"
        ],
        "client.ip": [
            "12.53.12.1"
        ],
        "cloud.account.id": [
            "account_id"
        ],
        "cloud.account.name": [
            "account_name"
        ],
        "cloud.availability_zone": [
            "cloud_availability_zone"
        ],
        "cloud.instance.id": [
            "instance_id"
        ],
        "cloud.instance.name": [
            "instance_name"
        ],
        "cloud.machine.type": [
            "machine_type"
        ],
        "cloud.project.id": [
            "project_id"
        ],
        "cloud.project.name": [
            "project_name"
        ],
        "cloud.provider": [
            "cloud_provider"
        ],
        "cloud.region": [
            "cloud_region"
        ],
        "cloud.service.name": [
            "lambda"
        ],
        "container.id": [
            "container-id"
        ],
        "data_stream.dataset": [
            "apm"
        ],
        "data_stream.namespace": [
            "default"
        ],
        "data_stream.type": [
            "traces"
        ],
        "event.outcome": [
            "success"
        ],
        "event.success_count": [
            1
        ],
        "host.architecture": [
            "x64"
        ],
        "host.hostname": [
            "node-name"
        ],
        "host.ip": [
            "127.0.0.1"
        ],
        "host.name": [
            "node-name"
        ],
        "host.os.platform": [
            "darwin"
        ],
        "http.request.body": [
            {
                "original": {
                    "additional": {
                        "bar": 123,
                        "req": "additional information"
                    },
                    "str": "hello world"
                }
            }
        ],
        "http.request.cookies.c1": [
            "v1"
        ],
        "http.request.cookies.c2": [
            "v2"
        ],
        "http.request.env.GATEWAY_INTERFACE": [
            "CGI/1.1"
        ],
        "http.request.env.SERVER_SOFTWARE": [
            "nginx"
        ],
        "http.request.headers.Array": [
            "foo",
            "bar",
            "baz"
        ],
        "http.request.headers.Content-Type": [
            "text/html"
        ],
        "http.request.headers.Cookie": [
            "c1=v1, c2=v2"
        ],
        "http.request.headers.Some-Other-Header": [
            "foo"
        ],
        "http.request.headers.User-Agent": [
            "Mozilla/5.0 (Macintosh; Intel Mac OS X 10_10_5) AppleWebKit/537.36 (KHTML, like Gecko) Chrome/51.0.2704.103 Safari/537.36",
            "Mozilla Chrome Edge"
        ],
        "http.request.method": [
            "POST"
        ],
        "http.request.referrer": [
            "http://localhost:8000/test/e2e/"
        ],
        "http.response.decoded_body_size": [
            2990
        ],
        "http.response.encoded_body_size": [
            2690
        ],
        "http.response.finished": [
            true
        ],
        "http.response.headers.Content-Type": [
            "application/json"
        ],
        "http.response.headers_sent": [
            true
        ],
        "http.response.status_code": [
            200
        ],
        "http.response.transfer_size": [
            258
        ],
        "http.version": [
            "1.1"
        ],
        "kubernetes.namespace": [
            "namespace1"
        ],
        "kubernetes.node.name": [
            "node-name"
        ],
        "kubernetes.pod.name": [
            "pod-name"
        ],
        "kubernetes.pod.uid": [
            "pod-uid"
        ],
        "labels.organization_uuid": [
            "9f0e9d64-c185-4d21-a6f4-4673ed561ec8"
        ],
        "labels.tag1": [
            "one"
        ],
        "labels.tag4": [
            "false"
        ],
        "numeric_labels.tag2": [
            12
        ],
        "numeric_labels.tag3": [
            12.45
        ],
        "observer.hostname": [
            "dynamic"
        ],
        "observer.type": [
            "apm-server"
        ],
        "observer.version": [
            "dynamic"
        ],
        "process.args": [
            "node",
            "server.js"
        ],
        "process.parent.pid": [
            6789
        ],
        "process.pid": [
            1234
        ],
        "process.title": [
            "node"
        ],
        "process.title.text": [
            "node"
        ],
        "processor.event": [
            "transaction"
        ],
        "service.environment": [
            "staging"
        ],
        "service.framework.name": [
            "Express"
        ],
        "service.framework.version": [
            "1.2.3"
        ],
        "service.language.name": [
            "ecmascript"
        ],
        "service.language.version": [
            "8"
        ],
        "service.name": [
            "1234_service-12a3"
        ],
        "service.node.name": [
            "node-123"
        ],
        "service.runtime.name": [
            "node"
        ],
        "service.runtime.version": [
            "7.0"
        ],
        "service.version": [
            "5.1.3"
        ],
        "source.ip": [
            "12.53.12.1"
        ],
        "span.id": [
            "4340a8e0df1906ecbfa9"
        ],
        "timestamp.us": [
            1496170407154000
        ],
        "trace.id": [
            "0acd456789abcdef0123456789abcdef"
        ],
        "transaction.custom": [
            {
                "(": "not a valid regex and that is fine",
                "and_objects": {
                    "foo": [
                        "bar",
                        "baz"
                    ]
                },
                "my_key": 1,
                "some_other_value": "foo bar"
            }
        ],
        "transaction.duration.us": [
            32592
        ],
        "transaction.id": [
            "4340a8e0df1906ecbfa9"
        ],
        "transaction.name": [
            "GET /api/types"
        ],
        "transaction.name.text": [
            "GET /api/types"
        ],
        "transaction.representative_count": [
            1
        ],
        "transaction.result": [
            "success"
        ],
        "transaction.sampled": [
            true
        ],
        "transaction.span_count.started": [
            17
        ],
        "transaction.type": [
            "request"
        ],
        "url.domain": [
            "www.example.com"
        ],
        "url.fragment": [
            "#hash"
        ],
        "url.full": [
            "https://www.example.com/p/a/t/h?query=string#hash"
        ],
        "url.full.text": [
            "https://www.example.com/p/a/t/h?query=string#hash"
        ],
        "url.original": [
            "/p/a/t/h?query=string#hash"
        ],
        "url.original.text": [
            "/p/a/t/h?query=string#hash"
        ],
        "url.path": [
            "/p/a/t/h"
        ],
        "url.port": [
            8080
        ],
        "url.query": [
            "?query=string"
        ],
        "url.scheme": [
            "https"
        ],
        "user.domain": [
            "ldap://abc"
        ],
        "user.id": [
            "99"
        ],
        "user.name": [
            "foo"
        ],
        "user.name.text": [
            "foo"
        ],
        "user_agent.device.name": [
            "Mac"
        ],
        "user_agent.name": [
            "Chrome"
        ],
        "user_agent.original": [
            "Mozilla/5.0 (Macintosh; Intel Mac OS X 10_10_5) AppleWebKit/537.36 (KHTML, like Gecko) Chrome/51.0.2704.103 Safari/537.36, Mozilla Chrome Edge"
        ],
        "user_agent.original.text": [
            "Mozilla/5.0 (Macintosh; Intel Mac OS X 10_10_5) AppleWebKit/537.36 (KHTML, like Gecko) Chrome/51.0.2704.103 Safari/537.36, Mozilla Chrome Edge"
        ],
        "user_agent.os.full": [
            "Mac OS X 10.10.5"
        ],
        "user_agent.os.full.text": [
            "Mac OS X 10.10.5"
        ],
        "user_agent.os.name": [
            "Mac OS X"
        ],
        "user_agent.os.name.text": [
            "Mac OS X"
        ],
        "user_agent.os.version": [
            "10.10.5"
        ],
        "user_agent.version": [
            "51.0.2704.103"
        ]
    },
    {
        "@timestamp": [
            "2018-07-30T18:53:42.281Z"
        ],
        "agent.activation_method": [
            "some_activation_method"
        ],
        "agent.ephemeral_id": [
            "justanid"
        ],
        "agent.name": [
            "elastic-ruby"
        ],
        "agent.version": [
            "2.2"
        ],
        "cloud.account.id": [
            "account_id"
        ],
        "cloud.account.name": [
            "account_name"
        ],
        "cloud.availability_zone": [
            "cloud_availability_zone"
        ],
        "cloud.instance.id": [
            "instance_id"
        ],
        "cloud.instance.name": [
            "instance_name"
        ],
        "cloud.machine.type": [
            "machine_type"
        ],
        "cloud.project.id": [
            "project_id"
        ],
        "cloud.project.name": [
            "project_name"
        ],
        "cloud.provider": [
            "cloud_provider"
        ],
        "cloud.region": [
            "cloud_region"
        ],
        "cloud.service.name": [
            "lambda"
        ],
        "container.id": [
            "container-id"
        ],
        "data_stream.dataset": [
            "apm"
        ],
        "data_stream.namespace": [
            "default"
        ],
        "data_stream.type": [
            "traces"
        ],
        "event.outcome": [
            "unknown"
        ],
        "host.architecture": [
            "x64"
        ],
        "host.hostname": [
            "node-name"
        ],
        "host.ip": [
            "127.0.0.1"
        ],
        "host.name": [
            "node-name"
        ],
        "host.os.platform": [
            "darwin"
        ],
        "http.request.method": [
            "POST"
        ],
        "kubernetes.namespace": [
            "namespace1"
        ],
        "kubernetes.node.name": [
            "node-name"
        ],
        "kubernetes.pod.name": [
            "pod-name"
        ],
        "kubernetes.pod.uid": [
            "pod-uid"
        ],
        "labels.tag1": [
            "one"
        ],
        "numeric_labels.tag2": [
            2
        ],
        "observer.hostname": [
            "dynamic"
        ],
        "observer.type": [
            "apm-server"
        ],
        "observer.version": [
            "dynamic"
        ],
        "process.args": [
            "node",
            "server.js"
        ],
        "process.parent.pid": [
            6789
        ],
        "process.pid": [
            1234
        ],
        "process.title": [
            "node"
        ],
        "process.title.text": [
            "node"
        ],
        "processor.event": [
            "transaction"
        ],
        "service.environment": [
            "testing"
        ],
        "service.framework.name": [
            "Rails"
        ],
        "service.framework.version": [
            "5.0"
        ],
        "service.language.name": [
            "ruby"
        ],
        "service.language.version": [
            "2.5"
        ],
        "service.name": [
            "service1"
        ],
        "service.node.name": [
            "node-ABC"
        ],
        "service.runtime.name": [
            "cruby"
        ],
        "service.runtime.version": [
            "2.5"
        ],
        "service.version": [
            "2"
        ],
        "span.id": [
            "cdef4340a8e0df19"
        ],
        "timestamp.us": [
            1532976822281000
        ],
        "trace.id": [
            "0acd456789abcdef0123456789abcdef"
        ],
        "transaction.duration.us": [
            13980
        ],
        "transaction.experience.cls": [
            1
        ],
        "transaction.experience.fid": [
            2
        ],
        "transaction.experience.longtask.count": [
            3
        ],
        "transaction.experience.longtask.max": [
            1
        ],
        "transaction.experience.longtask.sum": [
            2.5
        ],
        "transaction.experience.tbt": [
            3.4
        ],
        "transaction.id": [
            "cdef4340a8e0df19"
        ],
        "transaction.marks.another_mark.some_float": [
            10
        ],
        "transaction.marks.another_mark.some_long": [
            10
        ],
        "transaction.marks.navigationTiming.appBeforeBootstrap": [
            608.93
        ],
        "transaction.marks.navigationTiming.navigationStart": [
            -21
        ],
        "transaction.representative_count": [
            1
        ],
        "transaction.sampled": [
            true
        ],
        "transaction.span_count.dropped": [
            55
        ],
        "transaction.span_count.started": [
            436
        ],
        "transaction.type": [
            "request"
        ],
        "user.email": [
            "bar@user.com"
        ],
        "user.id": [
            "123user"
        ],
        "user.name": [
            "bar"
        ],
        "user.name.text": [
            "bar"
        ]
    },
    {
        "@timestamp": [
            "2021-09-15T20:11:06.365Z"
        ],
        "agent.activation_method": [
            "some_activation_method"
        ],
        "agent.name": [
            "elastic-node"
        ],
        "agent.version": [
            "3.14.0"
        ],
        "cloud.account.id": [
            "account_id"
        ],
        "cloud.account.name": [
            "account_name"
        ],
        "cloud.availability_zone": [
            "cloud_availability_zone"
        ],
        "cloud.instance.id": [
            "instance_id"
        ],
        "cloud.instance.name": [
            "instance_name"
        ],
        "cloud.machine.type": [
            "machine_type"
        ],
        "cloud.origin.account.id": [
            "abc123"
        ],
        "cloud.origin.provider": [
            "aws"
        ],
        "cloud.origin.region": [
            "us-east-1"
        ],
        "cloud.origin.service.name": [
            "serviceName"
        ],
        "cloud.project.id": [
            "project_id"
        ],
        "cloud.project.name": [
            "project_name"
        ],
        "cloud.provider": [
            "cloud_provider"
        ],
        "cloud.region": [
            "cloud_region"
        ],
        "cloud.service.name": [
            "lambda"
        ],
        "container.id": [
            "container-id"
        ],
        "data_stream.dataset": [
            "apm"
        ],
        "data_stream.namespace": [
            "default"
        ],
        "data_stream.type": [
            "traces"
        ],
        "event.outcome": [
            "unknown"
        ],
        "faas.coldstart": [
            false
        ],
        "faas.execution": [
            "2e13b309-23e1-417f-8bf7-074fc96bc683"
        ],
        "faas.name": [
            "faasName"
        ],
        "faas.trigger.request_id": [
            "FuH2Cir_vHcEMUA="
        ],
        "faas.trigger.type": [
            "http"
        ],
        "faas.version": [
            "1.0.0"
        ],
        "host.architecture": [
            "x64"
        ],
        "host.hostname": [
            "node-name"
        ],
        "host.ip": [
            "127.0.0.1"
        ],
        "host.name": [
            "node-name"
        ],
        "host.os.platform": [
            "darwin"
        ],
        "kubernetes.namespace": [
            "namespace1"
        ],
        "kubernetes.node.name": [
            "node-name"
        ],
        "kubernetes.pod.name": [
            "pod-name"
        ],
        "kubernetes.pod.uid": [
            "pod-uid"
        ],
        "labels.tag1": [
            "one"
        ],
        "numeric_labels.tag2": [
            2
        ],
        "observer.hostname": [
            "dynamic"
        ],
        "observer.type": [
            "apm-server"
        ],
        "observer.version": [
            "dynamic"
        ],
        "process.args": [
            "node",
            "server.js"
        ],
        "process.parent.pid": [
            6789
        ],
        "process.pid": [
            1234
        ],
        "process.title": [
            "node"
        ],
        "process.title.text": [
            "node"
        ],
        "processor.event": [
            "transaction"
        ],
        "service.environment": [
            "staging"
        ],
        "service.framework.name": [
            "Express"
        ],
        "service.framework.version": [
            "1.2.3"
        ],
        "service.language.name": [
            "ecmascript"
        ],
        "service.language.version": [
            "8"
        ],
        "service.name": [
            "1234_service-12a3"
        ],
        "service.node.name": [
            "node-123"
        ],
        "service.origin.id": [
            "abc123"
        ],
        "service.origin.name": [
            "service-name"
        ],
        "service.origin.version": [
            "1.0"
        ],
        "service.runtime.name": [
            "node"
        ],
        "service.runtime.version": [
            "8.0.0"
        ],
        "service.version": [
            "5.1.3"
        ],
        "span.id": [
            "142e61450efb8574"
        ],
        "timestamp.us": [
            1631736666365048
        ],
        "trace.id": [
            "eb56529a1f461c5e7e2f66ecb075e983"
        ],
        "transaction.duration.us": [
            38853
        ],
        "transaction.id": [
            "142e61450efb8574"
        ],
        "transaction.name": [
            "july-2021-delete-after-july-31"
        ],
        "transaction.name.text": [
            "july-2021-delete-after-july-31"
        ],
        "transaction.representative_count": [
            1
        ],
        "transaction.result": [
            "success"
        ],
        "transaction.sampled": [
            true
        ],
        "transaction.span_count.started": [
            0
        ],
        "transaction.type": [
            "lambda"
        ],
        "user.email": [
            "bar@user.com"
        ],
        "user.id": [
            "123user"
        ],
        "user.name": [
            "bar"
        ],
        "user.name.text": [
            "bar"
        ]
    }
]
