{
    "events": [
        {
            "@timestamp": "2017-05-08T15:04:05.999Z",
            "context": {
                "process": {
                    "pid": 1234
                },
                "service": {
                    "agent": {
                        "name": "python",
                        "version": "1.0"
                    },
                    "language": {
                        "name": "javascript"
                    },
                    "name": "service1"
                }
            },
            "processor": {
                "event": "transaction",
                "name": "transaction"
            },
            "transaction": {
                "duration": {
                    "us": 32592
                },
                "id": "945254c5-67a5-417e-8a4e-aa29efcbfb79",
                "sampled": true,
                "type": "request"
            }
        }
    ]
}
