{
    "events": [
        {
            "@timestamp": "2017-05-30T18:53:27.154Z",
            "context": {
                "service": {
                    "agent": {
                        "name": "python",
                        "version": "1.0"
                    },
                    "name": "service1"
                }
            },
            "processor": {
                "event": "transaction",
                "name": "transaction"
            },
            "transaction": {
                "duration": {
                    "us": 32592
                },
                "id": "945254c5-67a5-417e-8a4e-aa29efcbfb79",
                "sampled": true,
                "type": "request"
            }
        },
        {
            "@timestamp": "2017-05-30T18:53:27.154Z",
            "context": {
                "service": {
                    "agent": {
                        "name": "python",
                        "version": "1.0"
                    },
                    "name": "service1"
                }
            },
            "processor": {
                "event": "span",
                "name": "transaction"
            },
            "span": {
                "duration": {
                    "us": 32592
                },
                "id": 100000000000,
                "name": "GET /api/types",
                "start": {
                    "us": 0
                },
                "type": "request"
            },
            "transaction": {
                "id": "945254c5-67a5-417e-8a4e-aa29efcbfb79"
            }
        }
    ]
}