{
    "events": [
        {
            "@timestamp": "2019-01-09T21:40:53.000Z",
            "agent": {
                "name": "elastic-node",
                "version": "3.14.0"
            },
            "data_stream.dataset": "apm.error",
            "data_stream.namespace": "default",
            "data_stream.type": "logs",
            "error": {
                "grouping_key": "0b9cba09845a097a271c6beb4c6207f3",
                "id": "abcdef0123456789",
                "log": {
                    "message": "error log message"
                }
            },
            "host": {
                "ip": [
                    "127.0.0.1"
                ]
            },
            "message": "error log message",
            "observer": {
                "hostname": "dynamic",
                "type": "apm-server",
                "version": "dynamic"
            },
            "processor": {
                "event": "error",
                "name": "error"
            },
            "service": {
                "name": "1234_service-12a3"
            },
            "timestamp": {
                "us": 1547070053000000
            }
        },
        {
            "@timestamp": "2019-01-09T21:40:53.000Z",
            "agent": {
                "name": "elastic-node",
                "version": "3.14.0"
            },
            "data_stream.dataset": "apm.error",
            "data_stream.namespace": "default",
            "data_stream.type": "logs",
            "error": {
                "exception": [
                    {
                        "message": "error exception message"
                    }
                ],
                "grouping_key": "3a1fb5609458fbb132b44d8fc7cde104",
                "id": "abcdef0123456790"
            },
            "host": {
                "ip": [
                    "127.0.0.1"
                ]
            },
            "message": "error exception message",
            "observer": {
                "hostname": "dynamic",
                "type": "apm-server",
                "version": "dynamic"
            },
            "processor": {
                "event": "error",
                "name": "error"
            },
            "service": {
                "name": "1234_service-12a3"
            },
            "timestamp": {
                "us": 1547070053000000
            }
        },
        {
            "@timestamp": "2019-01-09T21:40:53.000Z",
            "agent": {
                "name": "elastic-node",
                "version": "3.14.0"
            },
            "data_stream.dataset": "apm.error",
            "data_stream.namespace": "default",
            "data_stream.type": "logs",
            "error": {
                "exception": [
                    {
                        "type": "error exception type"
                    }
                ],
                "grouping_key": "fa405fa2bd848dab17207e7b544d9ad4",
                "id": "abcdef0123456791"
            },
            "host": {
                "ip": [
                    "127.0.0.1"
                ]
            },
            "observer": {
                "hostname": "dynamic",
                "type": "apm-server",
                "version": "dynamic"
            },
            "processor": {
                "event": "error",
                "name": "error"
            },
            "service": {
                "name": "1234_service-12a3"
            },
            "timestamp": {
                "us": 1547070053000000
            }
        },
        {
            "@timestamp": "2019-01-09T21:40:53.000Z",
            "agent": {
                "name": "elastic-node",
                "version": "3.14.0"
            },
            "data_stream.dataset": "apm",
            "data_stream.namespace": "default",
            "data_stream.type": "traces",
            "event": {
                "duration": 3564298,
                "outcome": "unknown"
            },
            "host": {
                "ip": [
                    "127.0.0.1"
                ]
            },
            "observer": {
                "hostname": "dynamic",
                "type": "apm-server",
                "version": "dynamic"
            },
            "parent": {
                "id": "ab23456a89012345"
            },
            "processor": {
                "event": "span",
                "name": "transaction"
            },
            "service": {
                "name": "1234_service-12a3"
            },
            "span": {
                "id": "0123456a89012345",
                "name": "GET /api/types",
                "type": "request"
            },
            "timestamp": {
                "us": 1547070053000000
            },
            "trace": {
                "id": "0123456789abcdef0123456789abcdef"
            }
        },
        {
            "@timestamp": "2018-08-30T18:53:27.154Z",
            "agent": {
                "name": "elastic-node",
                "version": "3.14.0"
            },
            "data_stream.dataset": "apm",
            "data_stream.namespace": "default",
            "data_stream.type": "traces",
            "event": {
                "duration": 3564298,
                "outcome": "unknown"
            },
            "host": {
                "ip": [
                    "127.0.0.1"
                ]
            },
            "observer": {
                "hostname": "dynamic",
                "type": "apm-server",
                "version": "dynamic"
            },
            "parent": {
                "id": "ab23456a89012345"
            },
            "processor": {
                "event": "span",
                "name": "transaction"
            },
            "service": {
                "name": "1234_service-12a3"
            },
            "span": {
                "id": "0123456a89012345",
                "name": "GET /api/types",
                "type": "request"
            },
            "timestamp": {
                "us": 1535655207154000
            },
            "trace": {
                "id": "0123456789abcdef0123456789abcdef"
            }
        },
        {
            "@timestamp": "2019-01-09T21:40:53.000Z",
            "agent": {
                "name": "elastic-node",
                "version": "3.14.0"
            },
            "data_stream.dataset": "apm",
            "data_stream.namespace": "default",
            "data_stream.type": "traces",
            "event": {
                "duration": 32592981,
                "outcome": "unknown"
            },
            "host": {
                "ip": [
                    "127.0.0.1"
                ]
            },
            "observer": {
                "hostname": "dynamic",
                "type": "apm-server",
                "version": "dynamic"
            },
            "processor": {
                "event": "transaction",
                "name": "transaction"
            },
            "service": {
                "name": "1234_service-12a3"
            },
            "timestamp": {
                "us": 1547070053000000
            },
            "trace": {
                "id": "01234567890123456789abcdefabcdef"
            },
            "transaction": {
                "id": "abcdef1478523690",
                "representative_count": 1,
                "sampled": true,
                "span_count": {
                    "started": 0
                },
                "type": "request"
            }
        },
        {
            "@timestamp": "2017-05-30T18:53:42.281Z",
            "_metric_descriptions": {
                "a": {}
            },
            "a": 3.2,
            "agent": {
                "name": "elastic-node",
                "version": "3.14.0"
            },
            "data_stream.dataset": "apm.app.1234_service_12a3",
            "data_stream.namespace": "default",
            "data_stream.type": "metrics",
            "host": {
                "ip": [
                    "127.0.0.1"
                ]
            },
            "metricset.name": "app",
            "observer": {
                "hostname": "dynamic",
                "type": "apm-server",
                "version": "dynamic"
            },
            "processor": {
                "event": "metric",
                "name": "metric"
            },
            "service": {
                "name": "1234_service-12a3"
            }
        }
    ]
}
