{
    "events": [
        {
            "@timestamp": "2019-01-09T21:40:53.000Z",
            "agent": {
                "name": "elastic-node",
                "version": "3.14.0"
            },
            "cloud": {
                "account": {
                    "id": "account_id",
                    "name": "account_name"
                },
                "availability_zone": "cloud_availability_zone",
                "instance": {
                    "id": "instance_id",
                    "name": "instance_name"
                },
                "machine": {
                    "type": "machine_type"
                },
                "project": {
                    "id": "project_id",
                    "name": "project_name"
                },
                "provider": "cloud_provider",
                "region": "cloud_region",
                "service": {
                    "name": "lambda"
                }
            },
            "container": {
                "id": "container-id"
            },
            "data_stream.dataset": "apm",
            "data_stream.namespace": "default",
            "data_stream.type": "traces",
            "event": {
                "duration": 32592981,
                "outcome": "unknown"
            },
            "host": {
                "architecture": "x64",
                "hostname": "node-name",
                "ip": [
                    "127.0.0.1"
                ],
                "name": "node-name",
                "os": {
                    "platform": "darwin"
                }
            },
            "kubernetes": {
                "namespace": "namespace1",
                "node": {
                    "name": "node-name"
                },
                "pod": {
                    "name": "pod-name",
                    "uid": "pod-uid"
                }
            },
            "labels": {
                "tag1": "one"
            },
            "numeric_labels": {
                "tag2": 2
            },
            "observer": {
                "hostname": "dynamic",
                "type": "apm-server",
                "version": "dynamic"
            },
            "parent": {
                "id": "abcdefabcdef01234567"
            },
            "process": {
                "args": [
                    "node",
                    "server.js"
                ],
                "parent": {
                    "pid": 6789
                },
                "pid": 1234,
                "title": "node"
            },
            "processor": {
                "event": "transaction",
                "name": "transaction"
            },
            "service": {
                "environment": "staging",
                "framework": {
                    "name": "Express",
                    "version": "1.2.3"
                },
                "language": {
                    "name": "ecmascript",
                    "version": "8"
                },
                "name": "1234_service-12a3",
                "node": {
                    "name": "node-123"
                },
                "runtime": {
                    "name": "node",
                    "version": "8.0.0"
                },
                "version": "5.1.3"
            },
            "timestamp": {
                "us": 1547070053000000
            },
            "trace": {
                "id": "0123456789abcdef0123456789abcdef"
            },
            "transaction": {
                "id": "945254c567a5417e",
                "representative_count": 1,
                "sampled": true,
                "span_count": {
                    "started": 43
                },
                "type": "request"
            },
            "user": {
                "email": "bar@user.com",
                "id": "123user",
                "name": "bar"
            }
        },
        {
            "@timestamp": "2017-05-30T18:53:27.154Z",
            "agent": {
                "name": "elastic-node",
                "version": "3.14.0"
            },
            "client": {
                "ip": "12.53.12.1"
            },
            "cloud": {
                "account": {
                    "id": "account_id",
                    "name": "account_name"
                },
                "availability_zone": "cloud_availability_zone",
                "instance": {
                    "id": "instance_id",
                    "name": "instance_name"
                },
                "machine": {
                    "type": "machine_type"
                },
                "project": {
                    "id": "project_id",
                    "name": "project_name"
                },
                "provider": "cloud_provider",
                "region": "cloud_region",
                "service": {
                    "name": "lambda"
                }
            },
            "container": {
                "id": "container-id"
            },
            "data_stream.dataset": "apm",
            "data_stream.namespace": "default",
            "data_stream.type": "traces",
            "event": {
                "duration": 32592981,
                "outcome": "success"
            },
            "host": {
                "architecture": "x64",
                "hostname": "node-name",
                "ip": [
                    "127.0.0.1"
                ],
                "name": "node-name",
                "os": {
                    "platform": "darwin"
                }
            },
            "http": {
                "request": {
                    "body": {
                        "original": {
                            "additional": {
                                "bar": 123,
                                "req": "additional information"
                            },
                            "str": "hello world"
                        }
                    },
                    "cookies": {
                        "c1": "v1",
                        "c2": "v2"
                    },
                    "env": {
                        "GATEWAY_INTERFACE": "CGI/1.1",
                        "SERVER_SOFTWARE": "nginx"
                    },
                    "headers": {
                        "Array": [
                            "foo",
                            "bar",
                            "baz"
                        ],
                        "Content-Type": [
                            "text/html"
                        ],
                        "Cookie": [
                            "c1=v1, c2=v2"
                        ],
                        "Some-Other-Header": [
                            "foo"
                        ],
                        "User-Agent": [
                            "Mozilla/5.0 (Macintosh; Intel Mac OS X 10_10_5) AppleWebKit/537.36 (KHTML, like Gecko) Chrome/51.0.2704.103 Safari/537.36",
                            "Mozilla Chrome Edge"
                        ]
                    },
                    "method": "POST",
                    "referrer": "http://localhost:8000/test/e2e/"
                },
                "response": {
                    "decoded_body_size": 2990,
                    "encoded_body_size": 2690,
                    "finished": true,
                    "headers": {
                        "Content-Type": [
                            "application/json"
                        ]
                    },
                    "headers_sent": true,
                    "status_code": 200,
                    "transfer_size": 258
                },
                "version": "1.1"
            },
            "kubernetes": {
                "namespace": "namespace1",
                "node": {
                    "name": "node-name"
                },
                "pod": {
                    "name": "pod-name",
                    "uid": "pod-uid"
                }
            },
            "labels": {
                "organization_uuid": "9f0e9d64-c185-4d21-a6f4-4673ed561ec8",
                "tag1": "one",
                "tag4": "false"
            },
            "numeric_labels": {
                "tag2": 12,
                "tag3": 12.45
            },
            "observer": {
                "hostname": "dynamic",
                "type": "apm-server",
                "version": "dynamic"
            },
            "process": {
                "args": [
                    "node",
                    "server.js"
                ],
                "parent": {
                    "pid": 6789
                },
                "pid": 1234,
                "title": "node"
            },
            "processor": {
                "event": "transaction",
                "name": "transaction"
            },
            "service": {
                "environment": "staging",
                "framework": {
                    "name": "Express",
                    "version": "1.2.3"
                },
                "language": {
                    "name": "ecmascript",
                    "version": "8"
                },
                "name": "1234_service-12a3",
                "node": {
                    "name": "node-123"
                },
                "runtime": {
                    "name": "node",
                    "version": "7.0"
                },
                "version": "5.1.3"
            },
            "source": {
                "ip": "12.53.12.1"
            },
            "timestamp": {
                "us": 1496170407154000
            },
            "trace": {
                "id": "0acd456789abcdef0123456789abcdef"
            },
            "transaction": {
                "custom": {
                    "(": "not a valid regex and that is fine",
                    "and_objects": {
                        "foo": [
                            "bar",
                            "baz"
                        ]
                    },
                    "my_key": 1,
                    "some_other_value": "foo bar"
                },
                "id": "4340a8e0df1906ecbfa9",
                "name": "GET /api/types",
                "representative_count": 1,
                "result": "success",
                "sampled": true,
                "span_count": {
                    "started": 17
                },
                "type": "request"
            },
            "url": {
                "domain": "www.example.com",
                "fragment": "#hash",
                "full": "https://www.example.com/p/a/t/h?query=string#hash",
                "original": "/p/a/t/h?query=string#hash",
                "path": "/p/a/t/h",
                "port": 8080,
                "query": "?query=string",
                "scheme": "https"
            },
            "user": {
                "domain": "ldap://abc",
                "id": "99",
                "name": "foo"
            },
            "user_agent": {
                "original": "Mozilla/5.0 (Macintosh; Intel Mac OS X 10_10_5) AppleWebKit/537.36 (KHTML, like Gecko) Chrome/51.0.2704.103 Safari/537.36, Mozilla Chrome Edge"
            }
        },
        {
            "@timestamp": "2018-07-30T18:53:42.281Z",
            "agent": {
                "ephemeral_id": "justanid",
                "name": "elastic-ruby",
                "version": "2.2"
            },
            "cloud": {
                "account": {
                    "id": "account_id",
                    "name": "account_name"
                },
                "availability_zone": "cloud_availability_zone",
                "instance": {
                    "id": "instance_id",
                    "name": "instance_name"
                },
                "machine": {
                    "type": "machine_type"
                },
                "project": {
                    "id": "project_id",
                    "name": "project_name"
                },
                "provider": "cloud_provider",
                "region": "cloud_region",
                "service": {
                    "name": "lambda"
                }
            },
            "container": {
                "id": "container-id"
            },
            "data_stream.dataset": "apm",
            "data_stream.namespace": "default",
            "data_stream.type": "traces",
            "event": {
                "duration": 13980558,
                "outcome": "unknown"
            },
            "host": {
                "architecture": "x64",
                "hostname": "node-name",
                "ip": [
                    "127.0.0.1"
                ],
                "name": "node-name",
                "os": {
                    "platform": "darwin"
                }
            },
            "http": {
                "request": {
                    "method": "POST"
                }
            },
            "kubernetes": {
                "namespace": "namespace1",
                "node": {
                    "name": "node-name"
                },
                "pod": {
                    "name": "pod-name",
                    "uid": "pod-uid"
                }
            },
            "labels": {
                "tag1": "one"
            },
            "numeric_labels": {
                "tag2": 2
            },
            "observer": {
                "hostname": "dynamic",
                "type": "apm-server",
                "version": "dynamic"
            },
            "process": {
                "args": [
                    "node",
                    "server.js"
                ],
                "parent": {
                    "pid": 6789
                },
                "pid": 1234,
                "title": "node"
            },
            "processor": {
                "event": "transaction",
                "name": "transaction"
            },
            "service": {
                "environment": "testing",
                "framework": {
                    "name": "Rails",
                    "version": "5.0"
                },
                "language": {
                    "name": "ruby",
                    "version": "2.5"
                },
                "name": "service1",
                "node": {
                    "name": "node-ABC"
                },
                "runtime": {
                    "name": "cruby",
                    "version": "2.5"
                },
                "version": "2"
            },
            "timestamp": {
                "us": 1532976822281000
            },
            "trace": {
                "id": "0acd456789abcdef0123456789abcdef"
            },
            "transaction": {
                "experience": {
                    "cls": 1,
                    "fid": 2,
                    "longtask": {
                        "count": 3,
                        "max": 1,
                        "sum": 2.5
                    },
                    "tbt": 3.4
                },
                "id": "cdef4340a8e0df19",
                "marks": {
                    "another_mark": {
                        "some_float": 10,
                        "some_long": 10
                    },
                    "navigationTiming": {
                        "appBeforeBootstrap": 608.9300000000001,
                        "navigationStart": -21
                    }
                },
                "representative_count": 1,
                "sampled": true,
                "span_count": {
                    "dropped": 55,
                    "started": 436
                },
                "type": "request"
            },
            "user": {
                "email": "bar@user.com",
                "id": "123user",
                "name": "bar"
            }
        },
        {
            "@timestamp": "2019-01-09T21:40:53.000Z",
            "agent": {
                "name": "elastic-node",
                "version": "3.14.0"
            },
            "cloud": {
                "account": {
                    "id": "account_id",
                    "name": "account_name"
                },
                "availability_zone": "cloud_availability_zone",
                "instance": {
                    "id": "instance_id",
                    "name": "instance_name"
                },
                "machine": {
                    "type": "machine_type"
                },
                "project": {
                    "id": "project_id",
                    "name": "project_name"
                },
                "provider": "cloud_provider",
                "region": "cloud_region",
                "service": {
                    "name": "lambda"
                }
            },
            "container": {
                "id": "container-id"
            },
            "data_stream.dataset": "apm",
            "data_stream.namespace": "default",
            "data_stream.type": "traces",
            "event": {
                "duration": 3000000,
                "outcome": "unknown"
            },
            "host": {
                "architecture": "x64",
                "hostname": "node-name",
                "ip": [
                    "127.0.0.1"
                ],
                "name": "node-name",
                "os": {
                    "platform": "darwin"
                }
            },
            "kubernetes": {
                "namespace": "namespace1",
                "node": {
                    "name": "node-name"
                },
                "pod": {
                    "name": "pod-name",
                    "uid": "pod-uid"
                }
            },
            "labels": {
                "tag1": "one"
            },
            "numeric_labels": {
                "tag2": 2
            },
            "observer": {
                "hostname": "dynamic",
                "type": "apm-server",
                "version": "dynamic"
            },
            "parent": {
                "id": "abcdefabcdef01234567"
            },
            "process": {
                "args": [
                    "node",
                    "server.js"
                ],
                "parent": {
                    "pid": 6789
                },
                "pid": 1234,
                "title": "node"
            },
            "processor": {
                "event": "transaction",
                "name": "transaction"
            },
            "service": {
                "environment": "staging",
                "framework": {
                    "name": "Express",
                    "version": "1.2.3"
                },
                "language": {
                    "name": "ecmascript",
                    "version": "8"
                },
                "name": "1234_service-12a3",
                "node": {
                    "name": "node-123"
                },
                "runtime": {
                    "name": "node",
                    "version": "8.0.0"
                },
                "version": "5.1.3"
            },
            "session": {
                "id": "sunday",
                "sequence": 123
            },
            "timestamp": {
                "us": 1547070053000000
            },
            "trace": {
                "id": "0123456789abcdef0123456789abcdef"
            },
            "transaction": {
                "id": "00xxxxFFaaaa1234",
                "message": {
                    "age": {
                        "ms": 1577958057123
                    },
                    "body": "user created",
                    "headers": {
                        "Involved_services": [
                            "user",
                            "auth"
                        ],
                        "User_id": [
                            "1ax3"
                        ]
                    },
                    "queue": {
                        "name": "new_users"
                    },
                    "routing_key": "user-created-transaction"
                },
                "name": "amqp receive",
                "representative_count": 1,
                "sampled": true,
                "span_count": {
                    "started": 1
                },
                "type": "messaging"
            },
            "user": {
                "email": "bar@user.com",
                "id": "123user",
                "name": "bar"
            }
        },
        {
            "@timestamp": "2021-09-15T20:11:06.365Z",
            "agent": {
                "name": "elastic-node",
                "version": "3.14.0"
            },
            "cloud": {
                "account": {
                    "id": "account_id",
                    "name": "account_name"
                },
                "availability_zone": "cloud_availability_zone",
                "instance": {
                    "id": "instance_id",
                    "name": "instance_name"
                },
                "machine": {
                    "type": "machine_type"
                },
                "origin": {
                    "account.id": "abc123",
                    "provider": "aws",
                    "region": "us-east-1",
                    "service.name": "serviceName"
                },
                "project": {
                    "id": "project_id",
                    "name": "project_name"
                },
                "provider": "cloud_provider",
                "region": "cloud_region",
                "service": {
                    "name": "lambda"
                }
            },
            "container": {
                "id": "container-id"
            },
            "data_stream.dataset": "apm",
            "data_stream.namespace": "default",
            "data_stream.type": "traces",
            "event": {
                "duration": 38853000,
                "outcome": "unknown"
            },
            "faas": {
                "coldstart": false,
                "execution": "2e13b309-23e1-417f-8bf7-074fc96bc683",
                "name": "faasName",
                "trigger.request_id": "FuH2Cir_vHcEMUA=",
                "trigger.type": "http",
                "version": "1.0.0"
            },
            "host": {
                "architecture": "x64",
                "hostname": "node-name",
                "ip": [
                    "127.0.0.1"
                ],
                "name": "node-name",
                "os": {
                    "platform": "darwin"
                }
            },
            "kubernetes": {
                "namespace": "namespace1",
                "node": {
                    "name": "node-name"
                },
                "pod": {
                    "name": "pod-name",
                    "uid": "pod-uid"
                }
            },
            "labels": {
                "tag1": "one"
            },
            "numeric_labels": {
                "tag2": 2
            },
            "observer": {
                "hostname": "dynamic",
                "type": "apm-server",
                "version": "dynamic"
            },
            "process": {
                "args": [
                    "node",
                    "server.js"
                ],
                "parent": {
                    "pid": 6789
                },
                "pid": 1234,
                "title": "node"
            },
            "processor": {
                "event": "transaction",
                "name": "transaction"
            },
            "service": {
                "environment": "staging",
                "framework": {
                    "name": "Express",
                    "version": "1.2.3"
                },
                "language": {
                    "name": "ecmascript",
                    "version": "8"
                },
                "name": "1234_service-12a3",
                "node": {
                    "name": "node-123"
                },
                "origin": {
                    "id": "abc123",
                    "name": "service-name",
                    "version": "1.0"
                },
                "runtime": {
                    "name": "node",
                    "version": "8.0.0"
                },
                "version": "5.1.3"
            },
            "timestamp": {
                "us": 1631736666365048
            },
            "trace": {
                "id": "eb56529a1f461c5e7e2f66ecb075e983"
            },
            "transaction": {
                "id": "142e61450efb8574",
                "name": "july-2021-delete-after-july-31",
                "representative_count": 1,
                "result": "success",
                "sampled": true,
                "span_count": {
                    "started": 0
                },
                "type": "lambda"
            },
            "user": {
                "email": "bar@user.com",
                "id": "123user",
                "name": "bar"
            }
        }
    ]
}
