{
    "events": [
        {
            "@timestamp": "2019-12-20T07:41:44.953Z",
            "agent": {
                "ephemeral_id": "624386e9c81d2980",
                "name": "Jaeger/Go",
                "version": "2.20.1"
            },
            "event": {
                "outcome": "unknown"
            },
            "host": {
                "hostname": "host01",
                "ip": "10.0.0.13"
            },
            "labels": {
                "as": "thrift",
                "peer_ipv4": 2130706433,
                "peer_port": 50535,
                "peer_service": "driver-client",
                "sampler_param": true,
                "sampler_type": "const"
            },
            "processor": {
                "event": "transaction",
                "name": "transaction"
            },
            "service": {
                "language": {
                    "name": "Go"
                },
                "name": "driver"
            },
            "timestamp": {
                "us": 1576827704953864
            },
            "trace": {
                "id": "00000000000000007be2fd98d0973be3"
            },
            "transaction": {
                "duration": {
                    "us": 243417
                },
                "id": "7be2fd98d0973be3",
                "name": "Driver::findNearest",
                "sampled": true,
                "type": "custom"
            }
        },
        {
            "@timestamp": "2019-12-20T07:41:45.007Z",
            "agent": {
                "ephemeral_id": "624386e9c81d2980",
                "name": "Jaeger/Go",
                "version": "2.20.1"
            },
            "error": {
                "exception": [
                    {
                        "message": "redis timeout"
                    }
                ],
                "log": {
                    "message": "Retrying GetDriver after error"
                }
            },
            "host": {
                "hostname": "host01",
                "ip": "10.0.0.13"
            },
            "parent": {
                "id": "7be2fd98d0973be3"
            },
            "processor": {
                "event": "error",
                "name": "error"
            },
            "service": {
                "language": {
                    "name": "Go"
                },
                "name": "driver"
            },
            "timestamp": {
                "us": 1576827705007552
            },
            "trace": {
                "id": "00000000000000007be2fd98d0973be3"
            },
            "transaction": {
                "id": "7be2fd98d0973be3",
                "sampled": true,
                "type": "custom"
            }
        },
        {
            "@timestamp": "2019-12-20T07:41:45.089Z",
            "agent": {
                "ephemeral_id": "624386e9c81d2980",
                "name": "Jaeger/Go",
                "version": "2.20.1"
            },
            "error": {
                "exception": [
                    {
                        "message": "redis timeout"
                    }
                ],
                "log": {
                    "message": "Retrying GetDriver after error"
                }
            },
            "host": {
                "hostname": "host01",
                "ip": "10.0.0.13"
            },
            "parent": {
                "id": "7be2fd98d0973be3"
            },
            "processor": {
                "event": "error",
                "name": "error"
            },
            "service": {
                "language": {
                    "name": "Go"
                },
                "name": "driver"
            },
            "timestamp": {
                "us": 1576827705089431
            },
            "trace": {
                "id": "00000000000000007be2fd98d0973be3"
            },
            "transaction": {
                "id": "7be2fd98d0973be3",
                "sampled": true,
                "type": "custom"
            }
        },
        {
            "@timestamp": "2019-12-20T07:41:45.172Z",
            "agent": {
                "ephemeral_id": "624386e9c81d2980",
                "name": "Jaeger/Go",
                "version": "2.20.1"
            },
            "error": {
                "exception": [
                    {
                        "message": "redis timeout"
                    }
                ],
                "log": {
                    "message": "Retrying GetDriver after error"
                }
            },
            "host": {
                "hostname": "host01",
                "ip": "10.0.0.13"
            },
            "parent": {
                "id": "7be2fd98d0973be3"
            },
            "processor": {
                "event": "error",
                "name": "error"
            },
            "service": {
                "language": {
                    "name": "Go"
                },
                "name": "driver"
            },
            "timestamp": {
                "us": 1576827705172530
            },
            "trace": {
                "id": "00000000000000007be2fd98d0973be3"
            },
            "transaction": {
                "id": "7be2fd98d0973be3",
                "sampled": true,
                "type": "custom"
            }
        }
    ]
}
