{
    "events": [
        {
            "@timestamp": "2018-07-30T18:53:42.281Z",
            "agent": {
                "name": "elastic-node",
                "version": "3.14.0"
            },
            "child": {
                "id": [
                    "51234abcdef56789"
                ]
            },
            "cloud": {
                "account": {
                    "id": "account_id",
                    "name": "account_name"
                },
                "availability_zone": "cloud_availability_zone",
                "instance": {
                    "id": "instance_id",
                    "name": "instance_name"
                },
                "machine": {
                    "type": "machine_type"
                },
                "project": {
                    "id": "project_id",
                    "name": "project_name"
                },
                "provider": "cloud_provider",
                "region": "cloud_region",
                "service": {
                    "name": "lambda"
                }
            },
            "container": {
                "id": "container-id"
            },
            "ecs": {
                "version": "1.6.0"
            },
            "event": {
                "outcome": "success"
            },
            "host": {
                "architecture": "x64",
                "hostname": "node-name",
                "ip": "127.0.0.1",
                "name": "node-name",
                "os": {
                    "platform": "darwin"
                }
            },
            "kubernetes": {
                "namespace": "namespace1",
                "node": {
                    "name": "node-name"
                },
                "pod": {
                    "name": "pod-name",
                    "uid": "pod-uid"
                }
            },
            "labels": {
                "tag1": "label1"
            },
            "observer": {
                "ephemeral_id": "00000000-0000-0000-0000-000000000000",
                "hostname": "",
                "id": "fbba762a-14dd-412c-b7e9-b79f903eb492",
                "type": "test-apm-server",
                "version": "7.12.0",
                "version_major": 7
            },
            "parent": {
                "id": "abcdef0123456789"
            },
            "process": {
                "args": [
                    "node",
                    "server.js"
                ],
                "pid": 1234,
                "ppid": 6789,
                "title": "node"
            },
            "processor": {
                "event": "span",
                "name": "transaction"
            },
            "service": {
                "environment": "staging",
                "framework": {
                    "name": "Express",
                    "version": "1.2.3"
                },
                "language": {
                    "name": "ecmascript",
                    "version": "8"
                },
                "name": "backendspans",
                "node": {
                    "name": "container-id"
                },
                "runtime": {
                    "name": "node",
                    "version": "8.0.0"
                },
                "version": "5.1.3"
            },
            "span": {
                "action": "query.custom",
                "duration": {
                    "us": 141581
                },
                "id": "abcdef01234567",
                "name": "GET /api/types",
                "subtype": "postgresql",
                "type": "db"
            },
            "timestamp": {
                "us": 1532976822281000
            },
            "trace": {
                "id": "fdedef0123456789abcdef9876543210"
            },
            "transaction": {
                "id": "01af25874dec69dd"
            },
            "user": {
                "email": "s@test.com",
                "id": "123",
                "name": "john"
            }
        },
        {
            "@timestamp": "2018-07-30T18:53:42.281Z",
            "agent": {
                "name": "elastic-node",
                "version": "3.14.0"
            },
            "cloud": {
                "account": {
                    "id": "account_id",
                    "name": "account_name"
                },
                "availability_zone": "cloud_availability_zone",
                "instance": {
                    "id": "instance_id",
                    "name": "instance_name"
                },
                "machine": {
                    "type": "machine_type"
                },
                "project": {
                    "id": "project_id",
                    "name": "project_name"
                },
                "provider": "cloud_provider",
                "region": "cloud_region",
                "service": {
                    "name": "lambda"
                }
            },
            "container": {
                "id": "container-id"
            },
            "ecs": {
                "version": "1.6.0"
            },
            "event": {
                "outcome": "unknown"
            },
            "host": {
                "architecture": "x64",
                "hostname": "node-name",
                "ip": "127.0.0.1",
                "name": "node-name",
                "os": {
                    "platform": "darwin"
                }
            },
            "kubernetes": {
                "namespace": "namespace1",
                "node": {
                    "name": "node-name"
                },
                "pod": {
                    "name": "pod-name",
                    "uid": "pod-uid"
                }
            },
            "labels": {
                "tag1": "label1"
            },
            "observer": {
                "ephemeral_id": "00000000-0000-0000-0000-000000000000",
                "hostname": "",
                "id": "fbba762a-14dd-412c-b7e9-b79f903eb492",
                "type": "test-apm-server",
                "version": "7.12.0",
                "version_major": 7
            },
            "parent": {
                "id": "0000000011111111"
            },
            "process": {
                "args": [
                    "node",
                    "server.js"
                ],
                "pid": 1234,
                "ppid": 6789,
                "title": "node"
            },
            "processor": {
                "event": "span",
                "name": "transaction"
            },
            "service": {
                "environment": "prod",
                "framework": {
                    "name": "Express",
                    "version": "1.2.3"
                },
                "language": {
                    "name": "ecmascript",
                    "version": "8"
                },
                "name": "backendspans",
                "node": {
                    "name": "container-id"
                },
                "runtime": {
                    "name": "node",
                    "version": "8.0.0"
                },
                "version": "5.1.3"
            },
            "span": {
                "duration": {
                    "us": 32592
                },
                "id": "1234abcdef567895",
                "name": "GET /api/types",
                "start": {
                    "us": 22000
                },
                "type": "request"
            },
            "timestamp": {
                "us": 1532976822281000
            },
            "trace": {
                "id": "abcdef0123456789abcdef9876543210"
            },
            "transaction": {
                "id": "ab45781d265894fe"
            },
            "user": {
                "email": "s@test.com",
                "id": "123",
                "name": "john"
            }
        },
        {
            "@timestamp": "2019-01-09T21:40:53.000Z",
            "agent": {
                "name": "elastic-node",
                "version": "3.14.0"
            },
            "cloud": {
                "account": {
                    "id": "account_id",
                    "name": "account_name"
                },
                "availability_zone": "cloud_availability_zone",
                "instance": {
                    "id": "instance_id",
                    "name": "instance_name"
                },
                "machine": {
                    "type": "machine_type"
                },
                "project": {
                    "id": "project_id",
                    "name": "project_name"
                },
                "provider": "cloud_provider",
                "region": "cloud_region",
                "service": {
                    "name": "lambda"
                }
            },
            "container": {
                "id": "container-id"
            },
            "ecs": {
                "version": "1.6.0"
            },
            "event": {
                "outcome": "unknown"
            },
            "host": {
                "architecture": "x64",
                "hostname": "node-name",
                "ip": "127.0.0.1",
                "name": "node-name",
                "os": {
                    "platform": "darwin"
                }
            },
            "kubernetes": {
                "namespace": "namespace1",
                "node": {
                    "name": "node-name"
                },
                "pod": {
                    "name": "pod-name",
                    "uid": "pod-uid"
                }
            },
            "labels": {
                "tag1": "value1",
                "tag2": 123,
                "tag3": 12.34,
                "tag4": true
            },
            "observer": {
                "ephemeral_id": "00000000-0000-0000-0000-000000000000",
                "hostname": "",
                "id": "fbba762a-14dd-412c-b7e9-b79f903eb492",
                "type": "test-apm-server",
                "version": "7.12.0",
                "version_major": 7
            },
            "parent": {
                "id": "abcdefabcdef7890"
            },
            "process": {
                "args": [
                    "node",
                    "server.js"
                ],
                "pid": 1234,
                "ppid": 6789,
                "title": "node"
            },
            "processor": {
                "event": "span",
                "name": "transaction"
            },
            "service": {
                "environment": "staging",
                "framework": {
                    "name": "Express",
                    "version": "1.2.3"
                },
                "language": {
                    "name": "ecmascript",
                    "version": "8"
                },
                "name": "backendspans",
                "node": {
                    "name": "container-id"
                },
                "runtime": {
                    "name": "node",
                    "version": "8.0.0"
                },
                "version": "5.1.3"
            },
            "span": {
                "duration": {
                    "us": 3564
                },
                "id": "0123456a89012345",
                "name": "GET /api/types",
                "start": {
                    "us": 1845
                },
                "subtype": "http",
                "type": "request"
            },
            "timestamp": {
                "us": 1547070053000000
            },
            "trace": {
                "id": "abcdef0123456789abcdef9876543210"
            },
            "transaction": {
                "id": "ab23456a89012345"
            },
            "user": {
                "email": "s@test.com",
                "id": "123",
                "name": "john"
            }
        },
        {
            "@timestamp": "2019-01-09T21:40:53.000Z",
            "agent": {
                "name": "elastic-node",
                "version": "3.14.0"
            },
            "cloud": {
                "account": {
                    "id": "account_id",
                    "name": "account_name"
                },
                "availability_zone": "cloud_availability_zone",
                "instance": {
                    "id": "instance_id",
                    "name": "instance_name"
                },
                "machine": {
                    "type": "machine_type"
                },
                "project": {
                    "id": "project_id",
                    "name": "project_name"
                },
                "provider": "cloud_provider",
                "region": "cloud_region",
                "service": {
                    "name": "lambda"
                }
            },
            "container": {
                "id": "container-id"
            },
            "ecs": {
                "version": "1.6.0"
            },
            "event": {
                "outcome": "unknown"
            },
            "host": {
                "architecture": "x64",
                "hostname": "node-name",
                "ip": "127.0.0.1",
                "name": "node-name",
                "os": {
                    "platform": "darwin"
                }
            },
            "kubernetes": {
                "namespace": "namespace1",
                "node": {
                    "name": "node-name"
                },
                "pod": {
                    "name": "pod-name",
                    "uid": "pod-uid"
                }
            },
            "labels": {
                "tag1": "label1"
            },
            "observer": {
                "ephemeral_id": "00000000-0000-0000-0000-000000000000",
                "hostname": "",
                "id": "fbba762a-14dd-412c-b7e9-b79f903eb492",
                "type": "test-apm-server",
                "version": "7.12.0",
                "version_major": 7
            },
            "parent": {
                "id": "ababcdcdefefabde"
            },
            "process": {
                "args": [
                    "node",
                    "server.js"
                ],
                "pid": 1234,
                "ppid": 6789,
                "title": "node"
            },
            "processor": {
                "event": "span",
                "name": "transaction"
            },
            "service": {
                "environment": "staging",
                "framework": {
                    "name": "Express",
                    "version": "1.2.3"
                },
                "language": {
                    "name": "ecmascript",
                    "version": "8"
                },
                "name": "backendspans",
                "node": {
                    "name": "container-id"
                },
                "runtime": {
                    "name": "node",
                    "version": "8.0.0"
                },
                "version": "5.1.3"
            },
            "span": {
                "action": "call",
                "duration": {
                    "us": 13980
                },
                "id": "abcde56a89012345",
                "name": "get /api/types",
                "start": {
                    "us": 0
                },
                "subtype": "http",
                "sync": false,
                "type": "request"
            },
            "timestamp": {
                "us": 1547070053000000
            },
            "trace": {
                "id": "abcdef0123456789abcdef9876543210"
            },
            "user": {
                "email": "s@test.com",
                "id": "123",
                "name": "john"
            }
        },
        {
            "@timestamp": "2019-01-09T21:40:53.000Z",
            "agent": {
                "ephemeral_id": "justanid",
                "name": "elastic-ruby",
                "version": "2.2"
            },
            "cloud": {
                "account": {
                    "id": "account_id",
                    "name": "account_name"
                },
                "availability_zone": "cloud_availability_zone",
                "instance": {
                    "id": "instance_id",
                    "name": "instance_name"
                },
                "machine": {
                    "type": "machine_type"
                },
                "project": {
                    "id": "project_id",
                    "name": "project_name"
                },
                "provider": "cloud_provider",
                "region": "cloud_region",
                "service": {
                    "name": "lambda"
                }
            },
            "container": {
                "id": "container-id"
            },
            "destination": {
                "address": "0:0::0:1",
                "ip": "0:0::0:1",
                "port": 5432
            },
            "ecs": {
                "version": "1.6.0"
            },
            "event": {
                "outcome": "success"
            },
            "host": {
                "architecture": "x64",
                "hostname": "node-name",
                "ip": "127.0.0.1",
                "name": "node-name",
                "os": {
                    "platform": "darwin"
                }
            },
            "kubernetes": {
                "namespace": "namespace1",
                "node": {
                    "name": "node-name"
                },
                "pod": {
                    "name": "pod-name",
                    "uid": "pod-uid"
                }
            },
            "labels": {
                "tag1": "label1"
            },
            "observer": {
                "ephemeral_id": "00000000-0000-0000-0000-000000000000",
                "hostname": "",
                "id": "fbba762a-14dd-412c-b7e9-b79f903eb492",
                "type": "test-apm-server",
                "version": "7.12.0",
                "version_major": 7
            },
            "parent": {
                "id": "abcdef0123456789"
            },
            "process": {
                "args": [
                    "node",
                    "server.js"
                ],
                "pid": 1234,
                "ppid": 6789,
                "title": "node"
            },
            "processor": {
                "event": "span",
                "name": "transaction"
            },
            "service": {
                "environment": "staging",
                "framework": {
                    "name": "Express",
                    "version": "1.2.3"
                },
                "language": {
                    "name": "ecmascript",
                    "version": "8"
                },
                "name": "service1",
                "node": {
                    "name": "container-id"
                },
                "runtime": {
                    "name": "node",
                    "version": "8.0.0"
                },
                "version": "5.1.3"
            },
            "span": {
                "action": "query",
                "db": {
                    "instance": "customers",
                    "link": "other.db.com",
                    "rows_affected": 2,
                    "statement": "SELECT * FROM product_types WHERE user_id=?",
                    "type": "sql",
                    "user": {
                        "name": "readonly_user"
                    }
                },
                "destination": {
                    "service": {
                        "name": "postgresql",
                        "resource": "postgresql",
                        "type": "db"
                    }
                },
                "duration": {
                    "us": 3781
                },
                "http": {
                    "method": "GET",
                    "response": {
                        "decoded_body_size": 401,
                        "encoded_body_size": 356,
                        "status_code": 200,
                        "transfer_size": 300.12
                    },
                    "url": {
                        "original": "http://localhost:8000"
                    }
                },
                "id": "1234567890aaaade",
                "name": "SELECT FROM product_types",
                "stacktrace": [
                    {
                        "classname": "Core.js",
                        "exclude_from_grouping": false,
                        "filename": "net.js",
                        "line": {
                            "number": 547
                        }
                    },
                    {
                        "context": {
                            "post": [
                                "    ins.currentTransaction = prev",
                                "}"
                            ]
                        },
                        "exclude_from_grouping": false,
                        "filename": "file2.js",
                        "line": {
                            "number": 12
                        }
                    },
                    {
                        "abs_path": "net.js",
                        "context": {
                            "post": [
                                "    ins.currentTransaction = prev",
                                "    return result"
                            ],
                            "pre": [
                                "  var trans = this.currentTransaction",
                                ""
                            ]
                        },
                        "exclude_from_grouping": false,
                        "filename": "net.js",
                        "function": "onread",
                        "library_frame": true,
                        "line": {
                            "column": 4,
                            "context": "line3",
                            "number": 547
                        },
                        "module": "some module",
                        "vars": {
                            "key": "value"
                        }
                    }
                ],
                "start": {
                    "us": 2830
                },
                "subtype": "postgresql",
                "sync": true,
                "type": "db"
            },
            "timestamp": {
                "us": 1547070053000000
            },
            "trace": {
                "id": "abcdef0123456789abcdef9876543210"
            },
            "user": {
                "email": "s@test.com",
                "id": "123",
                "name": "john"
            }
        },
        {
            "@timestamp": "2018-07-30T18:53:42.281Z",
            "agent": {
                "name": "elastic-node",
                "version": "3.14.0"
            },
            "cloud": {
                "account": {
                    "id": "account_id",
                    "name": "account_name"
                },
                "availability_zone": "cloud_availability_zone",
                "instance": {
                    "id": "instance_id",
                    "name": "instance_name"
                },
                "machine": {
                    "type": "machine_type"
                },
                "project": {
                    "id": "project_id",
                    "name": "project_name"
                },
                "provider": "cloud_provider",
                "region": "cloud_region",
                "service": {
                    "name": "lambda"
                }
            },
            "container": {
                "id": "container-id"
            },
            "destination": {
                "address": "0:0::0:1",
                "ip": "0:0::0:1"
            },
            "ecs": {
                "version": "1.6.0"
            },
            "event": {
                "outcome": "unknown"
            },
            "host": {
                "architecture": "x64",
                "hostname": "node-name",
                "ip": "127.0.0.1",
                "name": "node-name",
                "os": {
                    "platform": "darwin"
                }
            },
            "kubernetes": {
                "namespace": "namespace1",
                "node": {
                    "name": "node-name"
                },
                "pod": {
                    "name": "pod-name",
                    "uid": "pod-uid"
                }
            },
            "labels": {
                "tag1": "label1"
            },
            "observer": {
                "ephemeral_id": "00000000-0000-0000-0000-000000000000",
                "hostname": "",
                "id": "fbba762a-14dd-412c-b7e9-b79f903eb492",
                "type": "test-apm-server",
                "version": "7.12.0",
                "version_major": 7
            },
            "parent": {
                "id": "abcdef0123456789"
            },
            "process": {
                "args": [
                    "node",
                    "server.js"
                ],
                "pid": 1234,
                "ppid": 6789,
                "title": "node"
            },
            "processor": {
                "event": "span",
                "name": "transaction"
            },
            "service": {
                "environment": "staging",
                "framework": {
                    "name": "Express",
                    "version": "1.2.3"
                },
                "language": {
                    "name": "ecmascript",
                    "version": "8"
                },
                "name": "backendspans",
                "node": {
                    "name": "container-id"
                },
                "runtime": {
                    "name": "node",
                    "version": "8.0.0"
                },
                "version": "5.1.3"
            },
            "span": {
                "action": "receive",
                "duration": {
                    "us": 141581
                },
                "id": "00xxx12312312312",
                "message": {
                    "age": {
                        "ms": 1577958057123
                    },
                    "queue": {
                        "name": "new_users"
                    }
                },
                "name": "Rabbitmq receive",
                "subtype": "JMS",
                "type": "messaging"
            },
            "timestamp": {
                "us": 1532976822281000
            },
            "trace": {
                "id": "fdedef0123456789abcdef9876543210"
            },
            "transaction": {
                "id": "01af25874dec69dd"
            },
            "user": {
                "email": "s@test.com",
                "id": "123",
                "name": "john"
            }
        }
    ]
}
