{
    "error": "forbidden request: endpoint is disabled"
}
