[
    {
        "@timestamp": [
            "1970-01-01T00:02:03.000Z"
        ],
        "agent.name": [
            "opentelemetry/go"
        ],
        "agent.version": [
            "1.0.0"
        ],
        "ecs.version": [
            "dynamic"
        ],
        "event.ingested": [
            "dynamic"
        ],
        "event.outcome": [
            "unknown"
        ],
        "labels.resource_attribute_array": [
            "a",
            "b"
        ],
        "labels.span_attribute_array": [
            "a",
            "b",
            "c"
        ],
        "observer.ephemeral_id": [
            "dynamic"
        ],
        "observer.hostname": [
            "dynamic"
        ],
        "observer.id": [
            "dynamic"
        ],
        "observer.type": [
            "apm-server"
        ],
        "observer.version": [
            "dynamic"
        ],
        "processor.event": [
            "transaction"
        ],
        "processor.name": [
            "transaction"
        ],
        "service.framework.name": [
            "systemtest"
        ],
        "service.language.name": [
            "go"
        ],
        "service.name": [
            "unknown_service_systemtest_test"
        ],
        "timestamp.us": [
            123000000
        ],
        "trace.id": [
            "d2acbef8b37655e48548fd9d61ad6114"
        ],
        "transaction.duration.us": [
            1000000
        ],
        "transaction.id": [
            "b3ee9be3b687a611"
        ],
        "transaction.name": [
            "operation_name"
        ],
        "transaction.sampled": [
            true
        ],
        "transaction.type": [
            "custom"
        ]
    }
]
