{
    "events": [
        {
            "@timestamp": "2018-08-09T15:04:05.999Z",
            "agent": {
                "name": "elastic-node",
                "version": "3.14.0"
            },
            "error": {
                "grouping_key": "d6b3f958dfea98dc9ed2b57d5f0c48bb",
                "id": "abcdef0123456789",
                "log": {
                    "level": "custom log level",
                    "message": "Cannot read property 'baz' of undefined"
                }
            },
            "host": {
                "ip": "192.0.0.1"
            },
            "process": {
                "pid": 1234
            },
            "processor": {
                "event": "error",
                "name": "error"
            },
            "service": {
                "language": {
                    "name": "ecmascript"
                },
                "name": "1234_service-12a3"
            },
            "timestamp": {
                "us": 1533827045999000
            }
        }
    ]
}
