{
    "events": [
        {
            "@timestamp": "dynamic",
            "agent": {
                "name": "rum-js",
                "version": "0.0.0"
            },
            "client": {
                "ip": "127.0.0.1"
            },
            "ecs": {
                "version": "dynamic"
            },
            "event": {
                "outcome": "unknown"
            },
            "observer": {
                "ephemeral_id": "dynamic",
                "hostname": "dynamic",
                "id": "dynamic",
                "type": "apm-server",
                "version": "dynamic",
                "version_major": "dynamic"
            },
            "parent": {
                "id": "611f4fa950f04631"
            },
            "processor": {
                "event": "span",
                "name": "transaction"
            },
            "service": {
                "name": "apm-agent-js"
            },
            "span": {
                "duration": {
                    "us": 643000
                },
                "http": {
                    "url": {
                        "original": "http://localhost:8000/test/e2e/general-usecase/span"
                    }
                },
                "id": "aaaaaaaaaaaaaaaa",
                "name": "transaction",
                "stacktrace": [
                    {
                        "abs_path": "http://subdomain1.localhost:8000/test/e2e/general-usecase/bundle.js.map",
                        "exclude_from_grouping": false,
                        "filename": "test/e2e/general-usecase/bundle.js.map",
                        "function": "\u003canonymous\u003e",
                        "line": {
                            "column": 18,
                            "number": 1
                        }
                    },
                    {
                        "abs_path": "http://subdomain2.localhost:8000/test/e2e/general-usecase/bundle.js.map",
                        "exclude_from_grouping": false,
                        "filename": "~/test/e2e/general-usecase/bundle.js.map",
                        "function": "\u003canonymous\u003e",
                        "library_frame": true,
                        "line": {
                            "column": 18,
                            "number": 1
                        }
                    }
                ],
                "start": {
                    "us": 0
                },
                "type": "transaction"
            },
            "timestamp": {
                "us": "dynamic"
            },
            "trace": {
                "id": "611f4fa950f04631aaaaaaaaaaaaaaaa"
            },
            "transaction": {
                "id": "611f4fa950f04631"
            },
            "url.original": "http://localhost:8000/test/e2e/general-usecase/span"
        }
    ]
}
