{
    "events": [
        {
            "@timestamp": "dynamic",
            "agent": {
                "name": "go",
                "version": "0.0.0"
            },
            "data_stream.dataset": "apm",
            "data_stream.namespace": "default",
            "data_stream.type": "traces",
            "event": {
                "agent_id_status": "missing",
                "ingested": "dynamic",
                "outcome": "success",
                "success_count": 1
            },
            "host": {
                "architecture": "i386",
                "hostname": "beowulf",
                "ip": [
                    "127.0.0.1"
                ],
                "name": "beowulf",
                "os": {
                    "platform": "minix"
                }
            },
            "observer": {
                "hostname": "dynamic",
                "type": "apm-server",
                "version": "dynamic"
            },
            "process": {
                "pid": 1,
                "title": "systemtest.test"
            },
            "processor": {
                "event": "transaction",
                "name": "transaction"
            },
            "service": {
                "language": {
                    "name": "go",
                    "version": "2.0"
                },
                "name": "systemtest",
                "node": {
                    "name": "beowulf"
                },
                "runtime": {
                    "name": "gc",
                    "version": "2.0"
                }
            },
            "timestamp": {
                "us": "dynamic"
            },
            "trace": {
                "id": "dynamic"
            },
            "transaction": {
                "duration": {
                    "us": 1000000
                },
                "id": "dynamic",
                "name": "sampled",
                "representative_count": 1,
                "sampled": true,
                "span_count": {
                    "dropped": 0,
                    "started": 0
                },
                "type": "TestDropUnsampled"
            }
        },
        {
            "@timestamp": "dynamic",
            "agent": {
                "name": "rum-js",
                "version": "0.0.0"
            },
            "client": {
                "ip": "127.0.0.1"
            },
            "data_stream.dataset": "apm.rum",
            "data_stream.namespace": "default",
            "data_stream.type": "traces",
            "event": {
                "agent_id_status": "missing",
                "ingested": "dynamic",
                "outcome": "unknown"
            },
            "observer": {
                "hostname": "dynamic",
                "type": "apm-server",
                "version": "dynamic"
            },
            "processor": {
                "event": "transaction",
                "name": "transaction"
            },
            "service": {
                "name": "allowed"
            },
            "source": {
                "ip": "127.0.0.1",
                "port": "dynamic"
            },
            "timestamp": {
                "us": "dynamic"
            },
            "trace": {
                "id": "dynamic"
            },
            "transaction": {
                "duration": {
                    "us": 0
                },
                "id": "dynamic",
                "representative_count": 1,
                "span_count": {
                    "started": 1
                },
                "type": "TestDropUnsampled"
            },
            "user_agent": {
                "device": {
                    "name": "Other"
                },
                "name": "Go-http-client",
                "original": "Go-http-client/1.1",
                "version": "1.1"
            }
        }
    ]
}
