[
    {
        "@timestamp": [
            "dynamic"
        ],
        "data_stream.dataset": [
            "apm.service_summary.10m"
        ],
        "data_stream.namespace": [
            "default"
        ],
        "data_stream.type": [
            "metrics"
        ],
        "metricset.interval": [
            "10m"
        ],
        "metricset.name": [
            "service_summary"
        ],
        "observer.hostname": [
            "dynamic"
        ],
        "observer.type": [
            "apm-server"
        ],
        "observer.version": [
            "dynamic"
        ],
        "processor.event": [
            "metric"
        ],
        "service.name": [
            "_other"
        ],
        "service_summary.aggregation.overflow_count": [
            2
        ]
    },
    {
        "@timestamp": [
            "dynamic"
        ],
        "data_stream.dataset": [
            "apm.service_summary.1m"
        ],
        "data_stream.namespace": [
            "default"
        ],
        "data_stream.type": [
            "metrics"
        ],
        "metricset.interval": [
            "1m"
        ],
        "metricset.name": [
            "service_summary"
        ],
        "observer.hostname": [
            "dynamic"
        ],
        "observer.type": [
            "apm-server"
        ],
        "observer.version": [
            "dynamic"
        ],
        "processor.event": [
            "metric"
        ],
        "service.name": [
            "_other"
        ],
        "service_summary.aggregation.overflow_count": [
            2
        ]
    },
    {
        "@timestamp": [
            "dynamic"
        ],
        "data_stream.dataset": [
            "apm.service_summary.60m"
        ],
        "data_stream.namespace": [
            "default"
        ],
        "data_stream.type": [
            "metrics"
        ],
        "metricset.interval": [
            "60m"
        ],
        "metricset.name": [
            "service_summary"
        ],
        "observer.hostname": [
            "dynamic"
        ],
        "observer.type": [
            "apm-server"
        ],
        "observer.version": [
            "dynamic"
        ],
        "processor.event": [
            "metric"
        ],
        "service.name": [
            "_other"
        ],
        "service_summary.aggregation.overflow_count": [
            2
        ]
    },
    {
        "@timestamp": [
            "dynamic"
        ],
        "agent.name": [
            "go"
        ],
        "data_stream.dataset": [
            "apm.service_summary.10m"
        ],
        "data_stream.namespace": [
            "default"
        ],
        "data_stream.type": [
            "metrics"
        ],
        "metricset.interval": [
            "10m"
        ],
        "metricset.name": [
            "service_summary"
        ],
        "observer.hostname": [
            "dynamic"
        ],
        "observer.type": [
            "apm-server"
        ],
        "observer.version": [
            "dynamic"
        ],
        "processor.event": [
            "metric"
        ],
        "service.environment": [
            "prod"
        ],
        "service.language.name": [
            "go"
        ],
        "service.name": [
            "systemtest"
        ]
    },
    {
        "@timestamp": [
            "dynamic"
        ],
        "agent.name": [
            "go"
        ],
        "data_stream.dataset": [
            "apm.service_summary.1m"
        ],
        "data_stream.namespace": [
            "default"
        ],
        "data_stream.type": [
            "metrics"
        ],
        "metricset.interval": [
            "1m"
        ],
        "metricset.name": [
            "service_summary"
        ],
        "observer.hostname": [
            "dynamic"
        ],
        "observer.type": [
            "apm-server"
        ],
        "observer.version": [
            "dynamic"
        ],
        "processor.event": [
            "metric"
        ],
        "service.environment": [
            "prod"
        ],
        "service.language.name": [
            "go"
        ],
        "service.name": [
            "systemtest"
        ]
    },
    {
        "@timestamp": [
            "dynamic"
        ],
        "agent.name": [
            "go"
        ],
        "data_stream.dataset": [
            "apm.service_summary.60m"
        ],
        "data_stream.namespace": [
            "default"
        ],
        "data_stream.type": [
            "metrics"
        ],
        "metricset.interval": [
            "60m"
        ],
        "metricset.name": [
            "service_summary"
        ],
        "observer.hostname": [
            "dynamic"
        ],
        "observer.type": [
            "apm-server"
        ],
        "observer.version": [
            "dynamic"
        ],
        "processor.event": [
            "metric"
        ],
        "service.environment": [
            "prod"
        ],
        "service.language.name": [
            "go"
        ],
        "service.name": [
            "systemtest"
        ]
    },
    {
        "@timestamp": [
            "dynamic"
        ],
        "agent.name": [
            "go"
        ],
        "data_stream.dataset": [
            "apm.service_summary.10m"
        ],
        "data_stream.namespace": [
            "default"
        ],
        "data_stream.type": [
            "metrics"
        ],
        "metricset.interval": [
            "10m"
        ],
        "metricset.name": [
            "service_summary"
        ],
        "observer.hostname": [
            "dynamic"
        ],
        "observer.type": [
            "apm-server"
        ],
        "observer.version": [
            "dynamic"
        ],
        "processor.event": [
            "metric"
        ],
        "service.environment": [
            "test"
        ],
        "service.language.name": [
            "go"
        ],
        "service.name": [
            "systemtest"
        ]
    },
    {
        "@timestamp": [
            "dynamic"
        ],
        "agent.name": [
            "go"
        ],
        "data_stream.dataset": [
            "apm.service_summary.1m"
        ],
        "data_stream.namespace": [
            "default"
        ],
        "data_stream.type": [
            "metrics"
        ],
        "metricset.interval": [
            "1m"
        ],
        "metricset.name": [
            "service_summary"
        ],
        "observer.hostname": [
            "dynamic"
        ],
        "observer.type": [
            "apm-server"
        ],
        "observer.version": [
            "dynamic"
        ],
        "processor.event": [
            "metric"
        ],
        "service.environment": [
            "test"
        ],
        "service.language.name": [
            "go"
        ],
        "service.name": [
            "systemtest"
        ]
    },
    {
        "@timestamp": [
            "dynamic"
        ],
        "agent.name": [
            "go"
        ],
        "data_stream.dataset": [
            "apm.service_summary.60m"
        ],
        "data_stream.namespace": [
            "default"
        ],
        "data_stream.type": [
            "metrics"
        ],
        "metricset.interval": [
            "60m"
        ],
        "metricset.name": [
            "service_summary"
        ],
        "observer.hostname": [
            "dynamic"
        ],
        "observer.type": [
            "apm-server"
        ],
        "observer.version": [
            "dynamic"
        ],
        "processor.event": [
            "metric"
        ],
        "service.environment": [
            "test"
        ],
        "service.language.name": [
            "go"
        ],
        "service.name": [
            "systemtest"
        ]
    }
]
