{
    "events": [
        {
            "@timestamp": "2019-12-16T12:46:58.000768068Z",
            "agent": {
                "name": "Jaeger",
                "version": "unknown"
            },
            "processor": {
                "event": "transaction",
                "name": "transaction"
            },
            "service": {
                "language": {
                    "name": "unknown"
                },
                "name": "unknown"
            },
            "timestamp": {
                "us": 1576500418000768
            },
            "transaction": {
                "duration": {
                    "us": 0
                },
                "id": "",
                "name": "",
                "result": "Success",
                "sampled": true,
                "type": "custom"
            }
        },
        {
            "@timestamp": "2019-12-16T12:46:58.000768068Z",
            "agent": {
                "name": "Jaeger",
                "version": "unknown"
            },
            "parent": {
                "id": "46463058"
            },
            "processor": {
                "event": "span",
                "name": "transaction"
            },
            "service": {
                "name": "unknown"
            },
            "span": {
                "duration": {
                    "us": 0
                },
                "name": "",
                "type": "custom"
            },
            "timestamp": {
                "us": 1576500418000768
            }
        }
    ]
}
