{
    "Labels": {},
    "Process": null,
    "Service": {
        "Agent": {
            "EphemeralId": null,
            "Name": "Jaeger/PHP",
            "Version": "3.4.12"
        },
        "Environment": null,
        "Framework": {
            "Name": null,
            "Version": null
        },
        "Language": {
            "Name": "PHP",
            "Version": null
        },
        "Name": "unknown",
        "Runtime": {
            "Name": null,
            "Version": null
        },
        "Version": null
    },
    "System": null,
    "User": null
}
