{
    "events": [
        {
            "@timestamp": "2019-12-16T12:46:58.000Z",
            "agent": {
                "name": "Jaeger",
                "version": "unknown"
            },
            "data_stream.dataset": "apm",
            "data_stream.type": "traces",
            "destination": {
                "address": "foo.bar.com",
                "port": 80
            },
            "event": {
                "outcome": "success"
            },
            "host": {
                "hostname": "host-abc",
                "name": "host-abc"
            },
            "parent": {
                "id": "0000000058585858"
            },
            "processor": {
                "event": "span",
                "name": "transaction"
            },
            "service": {
                "language": {
                    "name": "unknown"
                },
                "name": "unknown",
                "node": {
                    "name": "host-abc"
                }
            },
            "span": {
                "destination": {
                    "service": {
                        "name": "http://foo.bar.com",
                        "resource": "foo.bar.com:80",
                        "type": "external"
                    }
                },
                "duration": {
                    "us": 79000000
                },
                "http": {
                    "method": "get",
                    "response": {
                        "status_code": 202
                    },
                    "url": {
                        "original": "http://foo.bar.com?a=12"
                    }
                },
                "id": "0000000041414646",
                "name": "HTTP GET",
                "subtype": "http",
                "type": "external"
            },
            "timestamp": {
                "us": 1576500418000768
            },
            "trace": {
                "id": "00000000000000000000000046467830"
            }
        }
    ]
}
