{
    "events": [
        {
            "@timestamp": "2019-12-16T12:46:58.000Z",
            "agent": {
                "name": "Jaeger",
                "version": "unknown"
            },
            "event": {
                "outcome": "unknown"
            },
            "host": {
                "hostname": "host-abc"
            },
            "labels": {
                "a_b": "foo"
            },
            "processor": {
                "event": "transaction",
                "name": "transaction"
            },
            "service": {
                "language": {
                    "name": "unknown"
                },
                "name": "unknown"
            },
            "timestamp": {
                "us": 1576500418000768
            },
            "transaction": {
                "duration": {
                    "us": 0
                },
                "id": "",
                "sampled": true,
                "type": "custom"
            }
        }
    ]
}
