{
    "error": "data decoding error: invalid content type: "
}
