{
    "accepted": 0,
    "errors": [
        {
            "document": "{\"metadata\": {\"servi",
            "message": "event exceeded the permitted size."
        }
    ]
}
