{
    "Custom": {
        "a": "b"
    },
    "Http": {
        "Request": {
            "Body": {
                "k": {
                    "b": "v"
                }
            },
            "Cookies": {
                "c1": "b",
                "c2": "c"
            },
            "Env": {
                "env": {
                    "b": "v"
                }
            },
            "Headers": {
                "Host": [
                    "a",
                    "b"
                ]
            },
            "Method": "post",
            "Socket": {
                "Encrypted": false,
                "RemoteAddress": "10.1.23.5"
            }
        },
        "Response": {
            "Finished": false,
            "Headers": {
                "Content-Type": [
                    "text/html"
                ]
            },
            "HeadersSent": true,
            "StatusCode": 202
        },
        "Version": "2.0"
    },
    "Labels": {
        "ab": "c",
        "status": 200,
        "success": false
    },
    "Page": {
        "Referer": "http://refer.example.com",
        "Url": "https://example.com"
    },
    "Service": {
        "Agent": {
            "Name": "elastic-node",
            "Version": "1.0.0"
        },
        "Environment": "staging",
        "Framework": {
            "Name": "Express",
            "Version": "1.2.3"
        },
        "Language": {
            "Name": "ecmascript",
            "Version": "8"
        },
        "Name": "myService",
        "Runtime": {
            "Name": "node",
            "Version": "8.0.0"
        },
        "Version": "5.1.3"
    },
    "Url": {
        "Domain": "example.com",
        "Fragment": "x13ab",
        "Full": "https://127.0.0.1",
        "Original": "127.0.0.1",
        "Path": "/search",
        "Port": 8080,
        "Query": "id=1",
        "Scheme": "https"
    },
    "User": {
        "Email": "doe",
        "IP": "10.15.21.3",
        "Id": "12345678ab",
        "Name": "john",
        "UserAgent": "go-1.1"
    }
}
