{
    "Client": {
        "IP": "10.1.23.5"
    },
    "Custom": null,
    "Experimental": null,
    "Http": {
        "Request": {
            "Body": null,
            "Cookies": null,
            "Env": null,
            "Headers": {
                "X-Forwarded-For": [
                    "192.13.14:8097"
                ]
            },
            "Method": "post",
            "Socket": {
                "Encrypted": false,
                "RemoteAddress": "10.1.23.5"
            }
        },
        "Response": null,
        "Version": null
    },
    "Labels": null,
    "Message": null,
    "Page": null,
    "Service": null,
    "Url": {
        "Domain": null,
        "Fragment": null,
        "Full": null,
        "Original": null,
        "Path": null,
        "Port": null,
        "Query": null,
        "Scheme": null
    },
    "User": null
}
