{
    "accepted": 0,
    "errors": [
        {
            "message": "invalid content type: 'application/json'"
        }
    ]
}
