[
    {
        "@timestamp": "2019-12-20T07:41:44.953Z",
        "agent": {
            "ephemeral_id": "624386e9c81d2980",
            "name": "Jaeger/Go",
            "version": "2.20.1"
        },
        "ecs": {
            "version": "1.10.0"
        },
        "event": {
            "ingested": "2020-08-11T09:58:54.379837Z",
            "outcome": "unknown"
        },
        "host": {
            "hostname": "host01",
            "ip": "10.0.0.13",
            "name": "host01"
        },
        "labels": {
            "as": "thrift",
            "peer_ipv4": 2130706433,
            "peer_port": 50535,
            "peer_service": "driver-client",
            "sampler_param": true,
            "sampler_type": "const"
        },
        "observer": {
            "ephemeral_id": "b759a57d-4daa-4708-a3ad-18c50d8c940f",
            "hostname": "ix.lan",
            "id": "3dfbe204-d39c-4f40-8283-de713063099c",
            "type": "apm-server",
            "version": "8.0.0",
            "version_major": 8
        },
        "processor": {
            "event": "transaction",
            "name": "transaction"
        },
        "service": {
            "language": {
                "name": "Go"
            },
            "name": "driver",
            "node": {
                "name": "host01"
            }
        },
        "timestamp": {
            "us": 1576827704953864
        },
        "trace": {
            "id": "00000000000000007be2fd98d0973be3"
        },
        "transaction": {
            "duration": {
                "us": 243417
            },
            "id": "7be2fd98d0973be3",
            "name": "Driver::findNearest",
            "sampled": true,
            "type": "custom"
        }
    },
    {
        "@timestamp": "2019-12-20T07:41:45.007Z",
        "agent": {
            "ephemeral_id": "624386e9c81d2980",
            "name": "Jaeger/Go",
            "version": "2.20.1"
        },
        "ecs": {
            "version": "1.10.0"
        },
        "error": {
            "exception": [
                {
                    "message": "redis timeout"
                }
            ],
            "grouping_key": "dd09a7d0d9dde0adfcd694967c5a88de",
            "grouping_name": "Retrying GetDriver after error",
            "log": {
                "message": "Retrying GetDriver after error"
            }
        },
        "event": {
            "ingested": "2020-08-11T09:58:54.454089Z"
        },
        "host": {
            "hostname": "host01",
            "ip": "10.0.0.13",
            "name": "host01"
        },
        "observer": {
            "ephemeral_id": "97a0be74-0ec2-433d-b3f4-8853ae5504c4",
            "hostname": "goat",
            "id": "a20fd88c-dddf-4e6e-8bcb-b13e08e0b4ce",
            "type": "apm-server",
            "version": "8.0.0",
            "version_major": 8
        },
        "parent": {
            "id": "7be2fd98d0973be3"
        },
        "processor": {
            "event": "error",
            "name": "error"
        },
        "service": {
            "language": {
                "name": "Go"
            },
            "name": "driver",
            "node": {
                "name": "host01"
            }
        },
        "timestamp": {
            "us": 1576827705007552
        },
        "trace": {
            "id": "00000000000000007be2fd98d0973be3"
        },
        "transaction": {
            "id": "7be2fd98d0973be3",
            "sampled": true,
            "type": "custom"
        }
    },
    {
        "@timestamp": "2019-12-20T07:41:45.089Z",
        "agent": {
            "ephemeral_id": "624386e9c81d2980",
            "name": "Jaeger/Go",
            "version": "2.20.1"
        },
        "ecs": {
            "version": "1.10.0"
        },
        "error": {
            "exception": [
                {
                    "message": "redis timeout"
                }
            ],
            "grouping_key": "dd09a7d0d9dde0adfcd694967c5a88de",
            "grouping_name": "Retrying GetDriver after error",
            "log": {
                "message": "Retrying GetDriver after error"
            }
        },
        "event": {
            "ingested": "2020-08-11T09:58:54.454199Z"
        },
        "host": {
            "hostname": "host01",
            "ip": "10.0.0.13",
            "name": "host01"
        },
        "observer": {
            "ephemeral_id": "97a0be74-0ec2-433d-b3f4-8853ae5504c4",
            "hostname": "goat",
            "id": "a20fd88c-dddf-4e6e-8bcb-b13e08e0b4ce",
            "type": "apm-server",
            "version": "8.0.0",
            "version_major": 8
        },
        "parent": {
            "id": "7be2fd98d0973be3"
        },
        "processor": {
            "event": "error",
            "name": "error"
        },
        "service": {
            "language": {
                "name": "Go"
            },
            "name": "driver",
            "node": {
                "name": "host01"
            }
        },
        "timestamp": {
            "us": 1576827705089431
        },
        "trace": {
            "id": "00000000000000007be2fd98d0973be3"
        },
        "transaction": {
            "id": "7be2fd98d0973be3",
            "sampled": true,
            "type": "custom"
        }
    },
    {
        "@timestamp": "2019-12-20T07:41:45.172Z",
        "agent": {
            "ephemeral_id": "624386e9c81d2980",
            "name": "Jaeger/Go",
            "version": "2.20.1"
        },
        "ecs": {
            "version": "1.10.0"
        },
        "error": {
            "exception": [
                {
                    "message": "redis timeout"
                }
            ],
            "grouping_key": "dd09a7d0d9dde0adfcd694967c5a88de",
            "grouping_name": "Retrying GetDriver after error",
            "log": {
                "message": "Retrying GetDriver after error"
            }
        },
        "event": {
            "ingested": "2020-08-11T09:58:54.463556Z"
        },
        "host": {
            "hostname": "host01",
            "ip": "10.0.0.13",
            "name": "host01"
        },
        "observer": {
            "ephemeral_id": "97a0be74-0ec2-433d-b3f4-8853ae5504c4",
            "hostname": "goat",
            "id": "a20fd88c-dddf-4e6e-8bcb-b13e08e0b4ce",
            "type": "apm-server",
            "version": "8.0.0",
            "version_major": 8
        },
        "parent": {
            "id": "7be2fd98d0973be3"
        },
        "processor": {
            "event": "error",
            "name": "error"
        },
        "service": {
            "language": {
                "name": "Go"
            },
            "name": "driver",
            "node": {
                "name": "host01"
            }
        },
        "timestamp": {
            "us": 1576827705172530
        },
        "trace": {
            "id": "00000000000000007be2fd98d0973be3"
        },
        "transaction": {
            "id": "7be2fd98d0973be3",
            "sampled": true,
            "type": "custom"
        }
    }
]