{
    "events": [
        {
            "context": {
                "app": {
                    "agent": {
                        "name": "opbeat-node",
                        "version": "3.14.0"
                    },
                    "name": "1234_app-12a3",
                    "version": "3.4.1"
                }
            },
            "processor": {
                "event": "transaction",
                "name": "transaction"
            },
            "transaction": {
                "duration": {
                    "us": 32592
                },
                "id": "945254c5-67a5-417e-8a4e-aa29efcbfb79",
                "name": "GET /api/types",
                "type": "request"
            }
        }
    ]
}