{
    "hostname": "detected hostname",
    "name": "detected hostname"
}
