{
    "accepted": 0,
    "errors": [
        {
            "message": "data decoding error: zlib: invalid header"
        }
    ]
}
