{
    "accepted": 0,
    "errors": "queue is full"
}
