{
    "accepted": 0,
    "errors": "server is shutting down"
}
